Archive member included to satisfy reference by file (symbol)

c:/st/stm32cubeide_1.5.1/stm32cubeide/plugins/com.st.stm32cube.ide.mcu.externaltools.gnu-tools-for-stm32.9-2020-q2-update.win32_1.5.0.202011040924/tools/bin/../lib/gcc/arm-none-eabi/9.3.1/../../../../arm-none-eabi/lib/thumb/v7e-m+fp/hard\libc_nano.a(lib_a-errno.o)
                              Core/Src/syscalls.o (__errno)
c:/st/stm32cubeide_1.5.1/stm32cubeide/plugins/com.st.stm32cube.ide.mcu.externaltools.gnu-tools-for-stm32.9-2020-q2-update.win32_1.5.0.202011040924/tools/bin/../lib/gcc/arm-none-eabi/9.3.1/../../../../arm-none-eabi/lib/thumb/v7e-m+fp/hard\libc_nano.a(lib_a-exit.o)
                              c:/st/stm32cubeide_1.5.1/stm32cubeide/plugins/com.st.stm32cube.ide.mcu.externaltools.gnu-tools-for-stm32.9-2020-q2-update.win32_1.5.0.202011040924/tools/bin/../lib/gcc/arm-none-eabi/9.3.1/../../../../arm-none-eabi/lib/thumb/v7e-m+fp/hard/crt0.o (exit)
c:/st/stm32cubeide_1.5.1/stm32cubeide/plugins/com.st.stm32cube.ide.mcu.externaltools.gnu-tools-for-stm32.9-2020-q2-update.win32_1.5.0.202011040924/tools/bin/../lib/gcc/arm-none-eabi/9.3.1/../../../../arm-none-eabi/lib/thumb/v7e-m+fp/hard\libc_nano.a(lib_a-impure.o)
                              c:/st/stm32cubeide_1.5.1/stm32cubeide/plugins/com.st.stm32cube.ide.mcu.externaltools.gnu-tools-for-stm32.9-2020-q2-update.win32_1.5.0.202011040924/tools/bin/../lib/gcc/arm-none-eabi/9.3.1/../../../../arm-none-eabi/lib/thumb/v7e-m+fp/hard\libc_nano.a(lib_a-exit.o) (_global_impure_ptr)
c:/st/stm32cubeide_1.5.1/stm32cubeide/plugins/com.st.stm32cube.ide.mcu.externaltools.gnu-tools-for-stm32.9-2020-q2-update.win32_1.5.0.202011040924/tools/bin/../lib/gcc/arm-none-eabi/9.3.1/../../../../arm-none-eabi/lib/thumb/v7e-m+fp/hard\libc_nano.a(lib_a-init.o)
                              c:/st/stm32cubeide_1.5.1/stm32cubeide/plugins/com.st.stm32cube.ide.mcu.externaltools.gnu-tools-for-stm32.9-2020-q2-update.win32_1.5.0.202011040924/tools/bin/../lib/gcc/arm-none-eabi/9.3.1/../../../../arm-none-eabi/lib/thumb/v7e-m+fp/hard/crt0.o (__libc_init_array)
c:/st/stm32cubeide_1.5.1/stm32cubeide/plugins/com.st.stm32cube.ide.mcu.externaltools.gnu-tools-for-stm32.9-2020-q2-update.win32_1.5.0.202011040924/tools/bin/../lib/gcc/arm-none-eabi/9.3.1/../../../../arm-none-eabi/lib/thumb/v7e-m+fp/hard\libc_nano.a(lib_a-memcpy-stub.o)
                              Drivers/BSP/Components/m24sr/m24sr.o (memcpy)
c:/st/stm32cubeide_1.5.1/stm32cubeide/plugins/com.st.stm32cube.ide.mcu.externaltools.gnu-tools-for-stm32.9-2020-q2-update.win32_1.5.0.202011040924/tools/bin/../lib/gcc/arm-none-eabi/9.3.1/../../../../arm-none-eabi/lib/thumb/v7e-m+fp/hard\libc_nano.a(lib_a-memset.o)
                              c:/st/stm32cubeide_1.5.1/stm32cubeide/plugins/com.st.stm32cube.ide.mcu.externaltools.gnu-tools-for-stm32.9-2020-q2-update.win32_1.5.0.202011040924/tools/bin/../lib/gcc/arm-none-eabi/9.3.1/../../../../arm-none-eabi/lib/thumb/v7e-m+fp/hard/crt0.o (memset)
c:/st/stm32cubeide_1.5.1/stm32cubeide/plugins/com.st.stm32cube.ide.mcu.externaltools.gnu-tools-for-stm32.9-2020-q2-update.win32_1.5.0.202011040924/tools/bin/../lib/gcc/arm-none-eabi/9.3.1/../../../../arm-none-eabi/lib/thumb/v7e-m+fp/hard\libc_nano.a(lib_a-snprintf.o)
                              Core/Src/main.o (snprintf)
c:/st/stm32cubeide_1.5.1/stm32cubeide/plugins/com.st.stm32cube.ide.mcu.externaltools.gnu-tools-for-stm32.9-2020-q2-update.win32_1.5.0.202011040924/tools/bin/../lib/gcc/arm-none-eabi/9.3.1/../../../../arm-none-eabi/lib/thumb/v7e-m+fp/hard\libc_nano.a(lib_a-nano-svfprintf.o)
                              c:/st/stm32cubeide_1.5.1/stm32cubeide/plugins/com.st.stm32cube.ide.mcu.externaltools.gnu-tools-for-stm32.9-2020-q2-update.win32_1.5.0.202011040924/tools/bin/../lib/gcc/arm-none-eabi/9.3.1/../../../../arm-none-eabi/lib/thumb/v7e-m+fp/hard\libc_nano.a(lib_a-snprintf.o) (_svfprintf_r)
c:/st/stm32cubeide_1.5.1/stm32cubeide/plugins/com.st.stm32cube.ide.mcu.externaltools.gnu-tools-for-stm32.9-2020-q2-update.win32_1.5.0.202011040924/tools/bin/../lib/gcc/arm-none-eabi/9.3.1/../../../../arm-none-eabi/lib/thumb/v7e-m+fp/hard\libc_nano.a(lib_a-nano-vfprintf_i.o)
                              c:/st/stm32cubeide_1.5.1/stm32cubeide/plugins/com.st.stm32cube.ide.mcu.externaltools.gnu-tools-for-stm32.9-2020-q2-update.win32_1.5.0.202011040924/tools/bin/../lib/gcc/arm-none-eabi/9.3.1/../../../../arm-none-eabi/lib/thumb/v7e-m+fp/hard\libc_nano.a(lib_a-nano-svfprintf.o) (_printf_i)
c:/st/stm32cubeide_1.5.1/stm32cubeide/plugins/com.st.stm32cube.ide.mcu.externaltools.gnu-tools-for-stm32.9-2020-q2-update.win32_1.5.0.202011040924/tools/bin/../lib/gcc/arm-none-eabi/9.3.1/../../../../arm-none-eabi/lib/thumb/v7e-m+fp/hard\libc_nano.a(lib_a-memchr.o)
[...]
Memory Configuration

Name             Origin             Length             Attributes
RAM              0x0000000020000000 0x0000000000018000 xrw
RAM2             0x0000000010000000 0x0000000000008000 xrw
FLASH            0x0000000008000000 0x0000000000100000 xr
*default*        0x0000000000000000 0xffffffffffffffff

Linker script and memory map

LOAD c:/st/stm32cubeide_1.5.1/stm32cubeide/plugins/com.st.stm32cube.ide.mcu.externaltools.gnu-tools-for-stm32.9-2020-q2-update.win32_1.5.0.202011040924/tools/bin/../lib/gcc/arm-none-eabi/9.3.1/thumb/v7e-m+fp/hard/crti.o
LOAD c:/st/stm32cubeide_1.5.1/stm32cubeide/plugins/com.st.stm32cube.ide.mcu.externaltools.gnu-tools-for-stm32.9-2020-q2-update.win32_1.5.0.202011040924/tools/bin/../lib/gcc/arm-none-eabi/9.3.1/thumb/v7e-m+fp/hard/crtbegin.o
LOAD c:/st/stm32cubeide_1.5.1/stm32cubeide/plugins/com.st.stm32cube.ide.mcu.externaltools.gnu-tools-for-stm32.9-2020-q2-update.win32_1.5.0.202011040924/tools/bin/../lib/gcc/arm-none-eabi/9.3.1/../../../../arm-none-eabi/lib/thumb/v7e-m+fp/hard/crt0.o
LOAD Core/Src/main.o
LOAD Core/Src/stm32l4xx_hal_msp.o
LOAD Core/Src/stm32l4xx_it.o
LOAD Core/Src/syscalls.o
LOAD Core/Src/sysmem.o
LOAD Core/Src/system_stm32l4xx.o
LOAD Core/Startup/startup_stm32l475vgtx.o
LOAD Drivers/BSP/B-L475E-IOT01/stm32l475e_iot01.o
LOAD Drivers/BSP/B-L475E-IOT01/stm32l475e_iot01_accelero.o
LOAD Drivers/BSP/B-L475E-IOT01/stm32l475e_iot01_gyro.o
LOAD Drivers/BSP/B-L475E-IOT01/stm32l475e_iot01_hsensor.o
LOAD Drivers/BSP/B-L475E-IOT01/stm32l475e_iot01_magneto.o
LOAD Drivers/BSP/B-L475E-IOT01/stm32l475e_iot01_psensor.o
LOAD Drivers/BSP/B-L475E-IOT01/stm32l475e_iot01_qspi.o
LOAD Drivers/BSP/B-L475E-IOT01/stm32l475e_iot01_tsensor.o
LOAD Drivers/BSP/Components/cs42l51/cs42l51.o
LOAD Drivers/BSP/Components/cs43l22/cs43l22.o
LOAD Drivers/BSP/Components/cy8c4014lqi/cy8c4014lqi.o
LOAD Drivers/BSP/Components/ft3x67/ft3x67.o
LOAD Drivers/BSP/Components/ft5336/ft5336.o
LOAD Drivers/BSP/Components/ft6x06/ft6x06.o
LOAD Drivers/BSP/Components/hts221/hts221.o
LOAD Drivers/BSP/Components/hx8347g/hx8347g.o
LOAD Drivers/BSP/Components/hx8347i/hx8347i.o
LOAD Drivers/BSP/Components/l3gd20/l3gd20.o
LOAD Drivers/BSP/Components/lis3mdl/lis3mdl.o
LOAD Drivers/BSP/Components/lps22hb/lps22hb.o
LOAD Drivers/BSP/Components/ls016b8uy/ls016b8uy.o
LOAD Drivers/BSP/Components/lsm303c/lsm303c.o
LOAD Drivers/BSP/Components/lsm303dlhc/lsm303dlhc.o
LOAD Drivers/BSP/Components/lsm6dsl/lsm6dsl.o
LOAD Drivers/BSP/Components/m24sr/m24sr.o
LOAD Drivers/BSP/Components/mfxstm32l152/mfxstm32l152.o
LOAD Drivers/BSP/Components/ov9655/ov9655.o
LOAD Drivers/BSP/Components/st25dv/st25dv.o
LOAD Drivers/BSP/Components/st25dv/st25dv_reg.o
LOAD Drivers/BSP/Components/st7735/st7735.o
LOAD Drivers/BSP/Components/st7789h2/st7789h2.o
LOAD Drivers/BSP/Components/stmpe1600/stmpe1600.o
LOAD Drivers/BSP/Components/stmpe811/stmpe811.o
LOAD Drivers/BSP/Components/wm8994/wm8994.o
LOAD Drivers/STM32L4xx_HAL_Driver/Src/stm32l4xx_hal.o
LOAD Drivers/STM32L4xx_HAL_Driver/Src/stm32l4xx_hal_cortex.o
LOAD Drivers/STM32L4xx_HAL_Driver/Src/stm32l4xx_hal_dfsdm.o
LOAD Drivers/STM32L4xx_HAL_Driver/Src/stm32l4xx_hal_dma.o
LOAD Drivers/STM32L4xx_HAL_Driver/Src/stm32l4xx_hal_dma_ex.o
LOAD Drivers/STM32L4xx_HAL_Driver/Src/stm32l4xx_hal_exti.o
LOAD Drivers/STM32L4xx_HAL_Driver/Src/stm32l4xx_hal_flash.o
LOAD Drivers/STM32L4xx_HAL_Driver/Src/stm32l4xx_hal_flash_ex.o
LOAD Drivers/STM32L4xx_HAL_Driver/Src/stm32l4xx_hal_flash_ramfunc.o
LOAD Drivers/STM32L4xx_HAL_Driver/Src/stm32l4xx_hal_gpio.o
LOAD Drivers/STM32L4xx_HAL_Driver/Src/stm32l4xx_hal_i2c.o
LOAD Drivers/STM32L4xx_HAL_Driver/Src/stm32l4xx_hal_i2c_ex.o
LOAD Drivers/STM32L4xx_HAL_Driver/Src/stm32l4xx_hal_pcd.o
LOAD Drivers/STM32L4xx_HAL_Driver/Src/stm32l4xx_hal_pcd_ex.o
LOAD Drivers/STM32L4xx_HAL_Driver/Src/stm32l4xx_hal_pwr.o
LOAD Drivers/STM32L4xx_HAL_Driver/Src/stm32l4xx_hal_pwr_ex.o
LOAD Drivers/STM32L4xx_HAL_Driver/Src/stm32l4xx_hal_qspi.o
LOAD Drivers/STM32L4xx_HAL_Driver/Src/stm32l4xx_hal_rcc.o
LOAD Drivers/STM32L4xx_HAL_Driver/Src/stm32l4xx_hal_rcc_ex.o
LOAD Drivers/STM32L4xx_HAL_Driver/Src/stm32l4xx_hal_spi.o
LOAD Drivers/STM32L4xx_HAL_Driver/Src/stm32l4xx_hal_spi_ex.o
LOAD Drivers/STM32L4xx_HAL_Driver/Src/stm32l4xx_hal_tim.o
LOAD Drivers/STM32L4xx_HAL_Driver/Src/stm32l4xx_hal_tim_ex.o
LOAD Drivers/STM32L4xx_HAL_Driver/Src/stm32l4xx_hal_uart.o
LOAD Drivers/STM32L4xx_HAL_Driver/Src/stm32l4xx_hal_uart_ex.o
LOAD Drivers/STM32L4xx_HAL_Driver/Src/stm32l4xx_ll_usb.o
START GROUP
LOAD c:/st/stm32cubeide_1.5.1/stm32cubeide/plugins/com.st.stm32cube.ide.mcu.externaltools.gnu-tools-for-stm32.9-2020-q2-update.win32_1.5.0.202011040924/tools/bin/../lib/gcc/arm-none-eabi/9.3.1/../../../../arm-none-eabi/lib/thumb/v7e-m+fp/hard\libc_nano.a
LOAD c:/st/stm32cubeide_1.5.1/stm32cubeide/plugins/com.st.stm32cube.ide.mcu.externaltools.gnu-tools-for-stm32.9-2020-q2-update.win32_1.5.0.202011040924/tools/bin/../lib/gcc/arm-none-eabi/9.3.1/../../../../arm-none-eabi/lib/thumb/v7e-m+fp/hard\libm.a
END GROUP
START GROUP
LOAD c:/st/stm32cubeide_1.5.1/stm32cubeide/plugins/com.st.stm32cube.ide.mcu.externaltools.gnu-tools-for-stm32.9-2020-q2-update.win32_1.5.0.202011040924/tools/bin/../lib/gcc/arm-none-eabi/9.3.1/thumb/v7e-m+fp/hard\libgcc.a
LOAD c:/st/stm32cubeide_1.5.1/stm32cubeide/plugins/com.st.stm32cube.ide.mcu.externaltools.gnu-tools-for-stm32.9-2020-q2-update.win32_1.5.0.202011040924/tools/bin/../lib/gcc/arm-none-eabi/9.3.1/../../../../arm-none-eabi/lib/thumb/v7e-m+fp/hard\libc_nano.a
END GROUP
START GROUP
LOAD c:/st/stm32cubeide_1.5.1/stm32cubeide/plugins/com.st.stm32cube.ide.mcu.externaltools.gnu-tools-for-stm32.9-2020-q2-update.win32_1.5.0.202011040924/tools/bin/../lib/gcc/arm-none-eabi/9.3.1/thumb/v7e-m+fp/hard\libgcc.a
LOAD c:/st/stm32cubeide_1.5.1/stm32cubeide/plugins/com.st.stm32cube.ide.mcu.externaltools.gnu-tools-for-stm32.9-2020-q2-update.win32_1.5.0.202011040924/tools/bin/../lib/gcc/arm-none-eabi/9.3.1/../../../../arm-none-eabi/lib/thumb/v7e-m+fp/hard\libc_nano.a
LOAD c:/st/stm32cubeide_1.5.1/stm32cubeide/plugins/com.st.stm32cube.ide.mcu.externaltools.gnu-tools-for-stm32.9-2020-q2-update.win32_1.5.0.202011040924/tools/bin/../lib/gcc/arm-none-eabi/9.3.1/../../../../arm-none-eabi/lib/thumb/v7e-m+fp/hard\libnosys.a
END GROUP
START GROUP
LOAD c:/st/stm32cubeide_1.5.1/stm32cubeide/plugins/com.st.stm32cube.ide.mcu.externaltools.gnu-tools-for-stm32.9-2020-q2-update.win32_1.5.0.202011040924/tools/bin/../lib/gcc/arm-none-eabi/9.3.1/thumb/v7e-m+fp/hard\libgcc.a
LOAD c:/st/stm32cubeide_1.5.1/stm32cubeide/plugins/com.st.stm32cube.ide.mcu.externaltools.gnu-tools-for-stm32.9-2020-q2-update.win32_1.5.0.202011040924/tools/bin/../lib/gcc/arm-none-eabi/9.3.1/../../../../arm-none-eabi/lib/thumb/v7e-m+fp/hard\libc_nano.a
LOAD c:/st/stm32cubeide_1.5.1/stm32cubeide/plugins/com.st.stm32cube.ide.mcu.externaltools.gnu-tools-for-stm32.9-2020-q2-update.win32_1.5.0.202011040924/tools/bin/../lib/gcc/arm-none-eabi/9.3.1/../../../../arm-none-eabi/lib/thumb/v7e-m+fp/hard\libnosys.a
END GROUP
LOAD c:/st/stm32cubeide_1.5.1/stm32cubeide/plugins/com.st.stm32cube.ide.mcu.externaltools.gnu-tools-for-stm32.9-2020-q2-update.win32_1.5.0.202011040924/tools/bin/../lib/gcc/arm-none-eabi/9.3.1/thumb/v7e-m+fp/hard/crtend.o
LOAD c:/st/stm32cubeide_1.5.1/stm32cubeide/plugins/com.st.stm32cube.ide.mcu.externaltools.gnu-tools-for-stm32.9-2020-q2-update.win32_1.5.0.202011040924/tools/bin/../lib/gcc/arm-none-eabi/9.3.1/thumb/v7e-m+fp/hard/crtn.o
                0x0000000020018000                _estack = (ORIGIN (RAM) + LENGTH (RAM))
                0x0000000000000200                _Min_Heap_Size = 0x200
                0x0000000000000400                _Min_Stack_Size = 0x400

.isr_vector     0x0000000008000000      0x188
                0x0000000008000000                . = ALIGN (0x4)
 *(.isr_vector)
 .isr_vector    0x0000000008000000      0x188 Core/Startup/startup_stm32l475vgtx.o
                0x0000000008000000                g_pfnVectors
                0x0000000008000188                . = ALIGN (0x4)

.text           0x0000000008000190     0x6520
                0x0000000008000190                . = ALIGN (0x4)
 *(.text)
 .text          0x0000000008000190       0x40 c:/st/stm32cubeide_1.5.1/stm32cubeide/plugins/com.st.stm32cube.ide.mcu.externaltools.gnu-tools-for-stm32.9-2020-q2-update.win32_1.5.0.202011040924/tools/bin/../lib/gcc/arm-none-eabi/9.3.1/thumb/v7e-m+fp/hard/crtbegin.o
 .text          0x00000000080001d0       0xa0 c:/st/stm32cubeide_1.5.1/stm32cubeide/plugins/com.st.stm32cube.ide.mcu.externaltools.gnu-tools-for-stm32.9-2020-q2-update.win32_1.5.0.202011040924/tools/bin/../lib/gcc/arm-none-eabi/9.3.1/../../../../arm-none-eabi/lib/thumb/v7e-m+fp/hard\libc_nano.a(lib_a-memchr.o)
                0x00000000080001d0                memchr
 .text          0x0000000008000270      0x378 c:/st/stm32cubeide_1.5.1/stm32cubeide/plugins/com.st.stm32cube.ide.mcu.externaltools.gnu-tools-for-stm32.9-2020-q2-update.win32_1.5.0.202011040924/tools/bin/../lib/gcc/arm-none-eabi/9.3.1/thumb/v7e-m+fp/hard\libgcc.a(_arm_addsubdf3.o)
                0x0000000008000270                __aeabi_drsub
                0x0000000008000278                __aeabi_dsub
                0x0000000008000278                __subdf3
                0x000000000800027c                __aeabi_dadd
                0x000000000800027c                __adddf3
                0x00000000080004f4                __floatunsidf
                0x00000000080004f4                __aeabi_ui2d
                0x0000000008000514                __floatsidf
                0x0000000008000514                __aeabi_i2d
                0x0000000008000538                __aeabi_f2d
                0x0000000008000538                __extendsfdf2
                0x000000000800057c                __floatundidf
                0x000000000800057c                __aeabi_ul2d
                0x000000000800058c                __floatdidf
                0x000000000800058c                __aeabi_l2d
 .text          0x00000000080005e8       0x50 c:/st/stm32cubeide_1.5.1/stm32cubeide/plugins/com.st.stm32cube.ide.mcu.externaltools.gnu-tools-for-stm32.9-2020-q2-update.win32_1.5.0.202011040924/tools/bin/../lib/gcc/arm-none-eabi/9.3.1/thumb/v7e-m+fp/hard\libgcc.a(_arm_fixdfsi.o)
                0x00000000080005e8                __aeabi_d2iz
                0x00000000080005e8                __fixdfsi
 .text          0x0000000008000638       0x30 c:/st/stm32cubeide_1.5.1/stm32cubeide/plugins/com.st.stm32cube.ide.mcu.externaltools.gnu-tools-for-stm32.9-2020-q2-update.win32_1.5.0.202011040924/tools/bin/../lib/gcc/arm-none-eabi/9.3.1/thumb/v7e-m+fp/hard\libgcc.a(_aeabi_uldivmod.o)
                0x0000000008000638                __aeabi_uldivmod
 .text          0x0000000008000668      0x2c4 c:/st/stm32cubeide_1.5.1/stm32cubeide/plugins/com.st.stm32cube.ide.mcu.externaltools.gnu-tools-for-stm32.9-2020-q2-update.win32_1.5.0.202011040924/tools/bin/../lib/gcc/arm-none-eabi/9.3.1/thumb/v7e-m+fp/hard\libgcc.a(_udivmoddi4.o)
                0x0000000008000668                __udivmoddi4
 .text          0x000000000800092c        0x4 c:/st/stm32cubeide_1.5.1/stm32cubeide/plugins/com.st.stm32cube.ide.mcu.externaltools.gnu-tools-for-stm32.9-2020-q2-update.win32_1.5.0.202011040924/tools/bin/../lib/gcc/arm-none-eabi/9.3.1/thumb/v7e-m+fp/hard\libgcc.a(_dvmd_tls.o)
                0x000000000800092c                __aeabi_idiv0
                0x000000000800092c                __aeabi_ldiv0
 *(.text*)
 .text.main     0x0000000008000930      0x10c Core/Src/main.o
                0x0000000008000930                main
 .text.SystemClock_Config
                0x0000000008000a3c      0x148 Core/Src/main.o
                0x0000000008000a3c                SystemClock_Config
 .text.MX_DFSDM1_Init
                0x0000000008000b84       0x70 Core/Src/main.o
 .text.MX_I2C2_Init
                0x0000000008000bf4       0x7c Core/Src/main.o
 .text.MX_QUADSPI_Init
                0x0000000008000c70       0x4c Core/Src/main.o
 .text.MX_SPI3_Init
                0x0000000008000cbc       0x7c Core/Src/main.o
 .text.MX_USART1_UART_Init
                0x0000000008000d38       0x60 Core/Src/main.o
 .text.MX_USART3_UART_Init
                0x0000000008000d98       0x60 Core/Src/main.o
 .text.MX_USB_OTG_FS_PCD_Init
                0x0000000008000df8       0x5c Core/Src/main.o
 .text.MX_GPIO_Init
                0x0000000008000e54      0x360 Core/Src/main.o
 .text.Error_Handler
                0x00000000080011b4        0xa Core/Src/main.o
                0x00000000080011b4                Error_Handler
 *fill*         0x00000000080011be        0x2 
 .text.HAL_MspInit
                0x00000000080011c0       0x48 Core/Src/stm32l4xx_hal_msp.o
                0x00000000080011c0                HAL_MspInit
 .text.HAL_DFSDM_ChannelMspInit
                0x0000000008001208       0x90 Core/Src/stm32l4xx_hal_msp.o
                0x0000000008001208                HAL_DFSDM_ChannelMspInit
 .text.HAL_I2C_MspInit
                0x0000000008001298       0x88 Core/Src/stm32l4xx_hal_msp.o
                0x0000000008001298                HAL_I2C_MspInit
 .text.HAL_I2C_MspDeInit
                0x0000000008001320       0x48 Core/Src/stm32l4xx_hal_msp.o
                0x0000000008001320                HAL_I2C_MspDeInit
 .text.HAL_QSPI_MspInit
                0x0000000008001368       0x88 Core/Src/stm32l4xx_hal_msp.o
                0x0000000008001368                HAL_QSPI_MspInit
 .text.HAL_SPI_MspInit
                0x00000000080013f0       0x88 Core/Src/stm32l4xx_hal_msp.o
                0x00000000080013f0                HAL_SPI_MspInit
 .text.HAL_UART_MspInit
                0x0000000008001478       0xec Core/Src/stm32l4xx_hal_msp.o
                0x0000000008001478                HAL_UART_MspInit
 .text.HAL_PCD_MspInit
                0x0000000008001564       0xd8 Core/Src/stm32l4xx_hal_msp.o
                0x0000000008001564                HAL_PCD_MspInit
 .text.NMI_Handler
                0x000000000800163c        0x6 Core/Src/stm32l4xx_it.o
                0x000000000800163c                NMI_Handler
 .text.HardFault_Handler
                0x0000000008001642        0x6 Core/Src/stm32l4xx_it.o
                0x0000000008001642                HardFault_Handler
 .text.MemManage_Handler
                0x0000000008001648        0x6 Core/Src/stm32l4xx_it.o
                0x0000000008001648                MemManage_Handler
 .text.BusFault_Handler
                0x000000000800164e        0x6 Core/Src/stm32l4xx_it.o
                0x000000000800164e                BusFault_Handler
 .text.UsageFault_Handler
                0x0000000008001654        0x6 Core/Src/stm32l4xx_it.o
                0x0000000008001654                UsageFault_Handler
 .text.SVC_Handler
                0x000000000800165a        0xe Core/Src/stm32l4xx_it.o
                0x000000000800165a                SVC_Handler
 .text.DebugMon_Handler
                0x0000000008001668        0xe Core/Src/stm32l4xx_it.o
                0x0000000008001668                DebugMon_Handler
 .text.PendSV_Handler
                0x0000000008001676        0xe Core/Src/stm32l4xx_it.o
                0x0000000008001676                PendSV_Handler
 .text.SysTick_Handler
                0x0000000008001684        0xc Core/Src/stm32l4xx_it.o
                0x0000000008001684                SysTick_Handler
 .text.EXTI9_5_IRQHandler
                0x0000000008001690       0x22 Core/Src/stm32l4xx_it.o
                0x0000000008001690                EXTI9_5_IRQHandler
 .text.EXTI15_10_IRQHandler
                0x00000000080016b2       0x30 Core/Src/stm32l4xx_it.o
                0x00000000080016b2                EXTI15_10_IRQHandler
 *fill*         0x00000000080016e2        0x2 
 .text._sbrk    0x00000000080016e4       0x6c Core/Src/sysmem.o
                0x00000000080016e4                _sbrk
 .text.SystemInit
                0x0000000008001750       0x6c Core/Src/system_stm32l4xx.o
                0x0000000008001750                SystemInit
 .text.Reset_Handler
                0x00000000080017bc       0x50 Core/Startup/startup_stm32l475vgtx.o
                0x00000000080017bc                Reset_Handler
 .text.Default_Handler
                0x000000000800180c        0x2 Core/Startup/startup_stm32l475vgtx.o
                0x000000000800180c                RTC_Alarm_IRQHandler
                0x000000000800180c                EXTI2_IRQHandler
                0x000000000800180c                TIM8_TRG_COM_IRQHandler
                0x000000000800180c                TIM8_CC_IRQHandler
                0x000000000800180c                TIM1_CC_IRQHandler
                0x000000000800180c                TSC_IRQHandler
                0x000000000800180c                TAMP_STAMP_IRQHandler
                0x000000000800180c                EXTI3_IRQHandler
                0x000000000800180c                LPTIM2_IRQHandler
                0x000000000800180c                DFSDM1_FLT1_IRQHandler
                0x000000000800180c                I2C3_ER_IRQHandler
                0x000000000800180c                DFSDM1_FLT2_IRQHandler
                0x000000000800180c                EXTI0_IRQHandler
                0x000000000800180c                I2C2_EV_IRQHandler
                0x000000000800180c                CAN1_RX0_IRQHandler
                0x000000000800180c                FPU_IRQHandler
                0x000000000800180c                TIM1_UP_TIM16_IRQHandler
                0x000000000800180c                ADC1_2_IRQHandler
                0x000000000800180c                SPI1_IRQHandler
                0x000000000800180c                TIM6_DAC_IRQHandler
                0x000000000800180c                TIM8_UP_IRQHandler
                0x000000000800180c                DMA2_Channel2_IRQHandler
                0x000000000800180c                DMA1_Channel4_IRQHandler
                0x000000000800180c                SAI2_IRQHandler
                0x000000000800180c                DFSDM1_FLT3_IRQHandler
                0x000000000800180c                USART3_IRQHandler
                0x000000000800180c                DMA1_Channel7_IRQHandler
                0x000000000800180c                CAN1_RX1_IRQHandler
                0x000000000800180c                UART5_IRQHandler
                0x000000000800180c                ADC3_IRQHandler
                0x000000000800180c                TIM4_IRQHandler
                0x000000000800180c                DMA2_Channel1_IRQHandler
                0x000000000800180c                QUADSPI_IRQHandler
                0x000000000800180c                I2C1_EV_IRQHandler
                0x000000000800180c                DMA1_Channel6_IRQHandler
                0x000000000800180c                UART4_IRQHandler
                0x000000000800180c                DMA2_Channel4_IRQHandler
                0x000000000800180c                TIM3_IRQHandler
                0x000000000800180c                RCC_IRQHandler
                0x000000000800180c                DMA1_Channel1_IRQHandler
                0x000000000800180c                Default_Handler
                0x000000000800180c                DMA2_Channel7_IRQHandler
                0x000000000800180c                TIM7_IRQHandler
                0x000000000800180c                SDMMC1_IRQHandler
                0x000000000800180c                TIM5_IRQHandler
                0x000000000800180c                I2C3_EV_IRQHandler
                0x000000000800180c                RTC_WKUP_IRQHandler
                0x000000000800180c                PVD_PVM_IRQHandler
                0x000000000800180c                SPI2_IRQHandler
                0x000000000800180c                CAN1_TX_IRQHandler
                0x000000000800180c                DMA2_Channel5_IRQHandler
                0x000000000800180c                DMA1_Channel5_IRQHandler
                0x000000000800180c                EXTI4_IRQHandler
                0x000000000800180c                RNG_IRQHandler
                0x000000000800180c                TIM1_TRG_COM_TIM17_IRQHandler
                0x000000000800180c                DMA1_Channel3_IRQHandler
                0x000000000800180c                COMP_IRQHandler
                0x000000000800180c                WWDG_IRQHandler
                0x000000000800180c                LPUART1_IRQHandler
                0x000000000800180c                DMA2_Channel6_IRQHandler
                0x000000000800180c                TIM2_IRQHandler
                0x000000000800180c                EXTI1_IRQHandler
                0x000000000800180c                USART2_IRQHandler
                0x000000000800180c                DFSDM1_FLT0_IRQHandler
                0x000000000800180c                I2C2_ER_IRQHandler
                0x000000000800180c                DMA1_Channel2_IRQHandler
                0x000000000800180c                TIM8_BRK_IRQHandler
                0x000000000800180c                CAN1_SCE_IRQHandler
                0x000000000800180c                FLASH_IRQHandler
                0x000000000800180c                USART1_IRQHandler
                0x000000000800180c                OTG_FS_IRQHandler
                0x000000000800180c                SPI3_IRQHandler
                0x000000000800180c                I2C1_ER_IRQHandler
                0x000000000800180c                FMC_IRQHandler
                0x000000000800180c                SWPMI1_IRQHandler
                0x000000000800180c                LPTIM1_IRQHandler
                0x000000000800180c                SAI1_IRQHandler
                0x000000000800180c                DMA2_Channel3_IRQHandler
                0x000000000800180c                TIM1_BRK_TIM15_IRQHandler
 *fill*         0x000000000800180e        0x2 
 .text.I2Cx_MspInit
                0x0000000008001810       0xb0 Drivers/BSP/B-L475E-IOT01/stm32l475e_iot01.o
 .text.I2Cx_Init
                0x00000000080018c0       0x5c Drivers/BSP/B-L475E-IOT01/stm32l475e_iot01.o
 .text.I2Cx_ReadMultiple
                0x000000000800191c       0x5a Drivers/BSP/B-L475E-IOT01/stm32l475e_iot01.o
 .text.I2Cx_WriteMultiple
                0x0000000008001976       0x5a Drivers/BSP/B-L475E-IOT01/stm32l475e_iot01.o
 .text.I2Cx_Error
                0x00000000080019d0       0x20 Drivers/BSP/B-L475E-IOT01/stm32l475e_iot01.o
 .text.SENSOR_IO_Init
                0x00000000080019f0       0x14 Drivers/BSP/B-L475E-IOT01/stm32l475e_iot01.o
                0x00000000080019f0                SENSOR_IO_Init
 .text.SENSOR_IO_Write
                0x0000000008001a04       0x34 Drivers/BSP/B-L475E-IOT01/stm32l475e_iot01.o
                0x0000000008001a04                SENSOR_IO_Write
 .text.SENSOR_IO_Read
                0x0000000008001a38       0x3c Drivers/BSP/B-L475E-IOT01/stm32l475e_iot01.o
                0x0000000008001a38                SENSOR_IO_Read
 .text.SENSOR_IO_ReadMultiple
                0x0000000008001a74       0x3c Drivers/BSP/B-L475E-IOT01/stm32l475e_iot01.o
                0x0000000008001a74                SENSOR_IO_ReadMultiple
 .text.BSP_TSENSOR_Init
                0x0000000008001ab0       0x38 Drivers/BSP/B-L475E-IOT01/stm32l475e_iot01_tsensor.o
                0x0000000008001ab0                BSP_TSENSOR_Init
 .text.BSP_TSENSOR_ReadTemp
                0x0000000008001ae8       0x1c Drivers/BSP/B-L475E-IOT01/stm32l475e_iot01_tsensor.o
                0x0000000008001ae8                BSP_TSENSOR_ReadTemp
 .text.HTS221_T_Init
                0x0000000008001b04       0x5a Drivers/BSP/Components/hts221/hts221.o
                0x0000000008001b04                HTS221_T_Init
 .text.HTS221_T_ReadTemp
                0x0000000008001b5e      0x10e Drivers/BSP/Components/hts221/hts221.o
                0x0000000008001b5e                HTS221_T_ReadTemp
 .text.HAL_Init
                0x0000000008001c6c       0x30 Drivers/STM32L4xx_HAL_Driver/Src/stm32l4xx_hal.o
                0x0000000008001c6c                HAL_Init
 .text.HAL_InitTick
                0x0000000008001c9c       0x78 Drivers/STM32L4xx_HAL_Driver/Src/stm32l4xx_hal.o
                0x0000000008001c9c                HAL_InitTick
 .text.HAL_IncTick
                0x0000000008001d14       0x28 Drivers/STM32L4xx_HAL_Driver/Src/stm32l4xx_hal.o
                0x0000000008001d14                HAL_IncTick
 .text.HAL_GetTick
                0x0000000008001d3c       0x18 Drivers/STM32L4xx_HAL_Driver/Src/stm32l4xx_hal.o
                0x0000000008001d3c                HAL_GetTick
 .text.HAL_Delay
                0x0000000008001d54       0x48 Drivers/STM32L4xx_HAL_Driver/Src/stm32l4xx_hal.o
                0x0000000008001d54                HAL_Delay
 .text.__NVIC_SetPriorityGrouping
                0x0000000008001d9c       0x48 Drivers/STM32L4xx_HAL_Driver/Src/stm32l4xx_hal_cortex.o
 .text.__NVIC_GetPriorityGrouping
                0x0000000008001de4       0x1c Drivers/STM32L4xx_HAL_Driver/Src/stm32l4xx_hal_cortex.o
 .text.__NVIC_EnableIRQ
                0x0000000008001e00       0x3c Drivers/STM32L4xx_HAL_Driver/Src/stm32l4xx_hal_cortex.o
 .text.__NVIC_SetPriority
                0x0000000008001e3c       0x54 Drivers/STM32L4xx_HAL_Driver/Src/stm32l4xx_hal_cortex.o
 .text.NVIC_EncodePriority
                0x0000000008001e90       0x66 Drivers/STM32L4xx_HAL_Driver/Src/stm32l4xx_hal_cortex.o
 *fill*         0x0000000008001ef6        0x2 
 .text.SysTick_Config
                0x0000000008001ef8       0x44 Drivers/STM32L4xx_HAL_Driver/Src/stm32l4xx_hal_cortex.o
 .text.HAL_NVIC_SetPriorityGrouping
                0x0000000008001f3c       0x16 Drivers/STM32L4xx_HAL_Driver/Src/stm32l4xx_hal_cortex.o
                0x0000000008001f3c                HAL_NVIC_SetPriorityGrouping
 .text.HAL_NVIC_SetPriority
                0x0000000008001f52       0x38 Drivers/STM32L4xx_HAL_Driver/Src/stm32l4xx_hal_cortex.o
                0x0000000008001f52                HAL_NVIC_SetPriority
 .text.HAL_NVIC_EnableIRQ
                0x0000000008001f8a       0x1c Drivers/STM32L4xx_HAL_Driver/Src/stm32l4xx_hal_cortex.o
                0x0000000008001f8a                HAL_NVIC_EnableIRQ
 .text.HAL_SYSTICK_Config
                0x0000000008001fa6       0x18 Drivers/STM32L4xx_HAL_Driver/Src/stm32l4xx_hal_cortex.o
                0x0000000008001fa6                HAL_SYSTICK_Config
 *fill*         0x0000000008001fbe        0x2 
 .text.HAL_DFSDM_ChannelInit
                0x0000000008001fc0      0x180 Drivers/STM32L4xx_HAL_Driver/Src/stm32l4xx_hal_dfsdm.o
                0x0000000008001fc0                HAL_DFSDM_ChannelInit
 .text.DFSDM_GetChannelFromInstance
                0x0000000008002140       0x98 Drivers/STM32L4xx_HAL_Driver/Src/stm32l4xx_hal_dfsdm.o
 .text.HAL_GPIO_Init
                0x00000000080021d8      0x354 Drivers/STM32L4xx_HAL_Driver/Src/stm32l4xx_hal_gpio.o
                0x00000000080021d8                HAL_GPIO_Init
 .text.HAL_GPIO_DeInit
                0x000000000800252c      0x1e8 Drivers/STM32L4xx_HAL_Driver/Src/stm32l4xx_hal_gpio.o
                0x000000000800252c                HAL_GPIO_DeInit
 .text.HAL_GPIO_WritePin
                0x0000000008002714       0x30 Drivers/STM32L4xx_HAL_Driver/Src/stm32l4xx_hal_gpio.o
                0x0000000008002714                HAL_GPIO_WritePin
 .text.HAL_GPIO_EXTI_IRQHandler
                0x0000000008002744       0x30 Drivers/STM32L4xx_HAL_Driver/Src/stm32l4xx_hal_gpio.o
                0x0000000008002744                HAL_GPIO_EXTI_IRQHandler
 .text.HAL_GPIO_EXTI_Callback
                0x0000000008002774       0x16 Drivers/STM32L4xx_HAL_Driver/Src/stm32l4xx_hal_gpio.o
                0x0000000008002774                HAL_GPIO_EXTI_Callback
 .text.HAL_I2C_Init
                0x000000000800278a      0x11e Drivers/STM32L4xx_HAL_Driver/Src/stm32l4xx_hal_i2c.o
                0x000000000800278a                HAL_I2C_Init
 .text.HAL_I2C_DeInit
                0x00000000080028a8       0x5e Drivers/STM32L4xx_HAL_Driver/Src/stm32l4xx_hal_i2c.o
                0x00000000080028a8                HAL_I2C_DeInit
 *fill*         0x0000000008002906        0x2 
 .text.HAL_I2C_Mem_Write
                0x0000000008002908      0x228 Drivers/STM32L4xx_HAL_Driver/Src/stm32l4xx_hal_i2c.o
                0x0000000008002908                HAL_I2C_Mem_Write
 .text.HAL_I2C_Mem_Read
                0x0000000008002b30      0x234 Drivers/STM32L4xx_HAL_Driver/Src/stm32l4xx_hal_i2c.o
                0x0000000008002b30                HAL_I2C_Mem_Read
 .text.I2C_RequestMemoryWrite
                0x0000000008002d64       0xa8 Drivers/STM32L4xx_HAL_Driver/Src/stm32l4xx_hal_i2c.o
 .text.I2C_RequestMemoryRead
                0x0000000008002e0c       0xa8 Drivers/STM32L4xx_HAL_Driver/Src/stm32l4xx_hal_i2c.o
 .text.I2C_Flush_TXDR
                0x0000000008002eb4       0x48 Drivers/STM32L4xx_HAL_Driver/Src/stm32l4xx_hal_i2c.o
 .text.I2C_WaitOnFlagUntilTimeout
                0x0000000008002efc       0x80 Drivers/STM32L4xx_HAL_Driver/Src/stm32l4xx_hal_i2c.o
 .text.I2C_WaitOnTXISFlagUntilTimeout
                0x0000000008002f7c       0x80 Drivers/STM32L4xx_HAL_Driver/Src/stm32l4xx_hal_i2c.o
 .text.I2C_WaitOnSTOPFlagUntilTimeout
                0x0000000008002ffc       0x78 Drivers/STM32L4xx_HAL_Driver/Src/stm32l4xx_hal_i2c.o
 .text.I2C_IsAcknowledgeFailed
                0x0000000008003074       0xcc Drivers/STM32L4xx_HAL_Driver/Src/stm32l4xx_hal_i2c.o
 .text.I2C_TransferConfig
                0x0000000008003140       0x5c Drivers/STM32L4xx_HAL_Driver/Src/stm32l4xx_hal_i2c.o
 .text.HAL_I2CEx_ConfigAnalogFilter
                0x000000000800319c       0x96 Drivers/STM32L4xx_HAL_Driver/Src/stm32l4xx_hal_i2c_ex.o
                0x000000000800319c                HAL_I2CEx_ConfigAnalogFilter
 .text.HAL_I2CEx_ConfigDigitalFilter
                0x0000000008003232       0x98 Drivers/STM32L4xx_HAL_Driver/Src/stm32l4xx_hal_i2c_ex.o
                0x0000000008003232                HAL_I2CEx_ConfigDigitalFilter
 .text.HAL_PCD_Init
                0x00000000080032ca      0x248 Drivers/STM32L4xx_HAL_Driver/Src/stm32l4xx_hal_pcd.o
                0x00000000080032ca                HAL_PCD_Init
 .text.HAL_PCDEx_ActivateLPM
                0x0000000008003512       0x48 Drivers/STM32L4xx_HAL_Driver/Src/stm32l4xx_hal_pcd_ex.o
                0x0000000008003512                HAL_PCDEx_ActivateLPM
 *fill*         0x000000000800355a        0x2 
 .text.HAL_PWR_EnableBkUpAccess
                0x000000000800355c       0x20 Drivers/STM32L4xx_HAL_Driver/Src/stm32l4xx_hal_pwr.o
                0x000000000800355c                HAL_PWR_EnableBkUpAccess
 .text.HAL_PWREx_GetVoltageRange
                0x000000000800357c       0x1c Drivers/STM32L4xx_HAL_Driver/Src/stm32l4xx_hal_pwr_ex.o
                0x000000000800357c                HAL_PWREx_GetVoltageRange
 .text.HAL_PWREx_ControlVoltageScaling
                0x0000000008003598       0xac Drivers/STM32L4xx_HAL_Driver/Src/stm32l4xx_hal_pwr_ex.o
                0x0000000008003598                HAL_PWREx_ControlVoltageScaling
 .text.HAL_PWREx_EnableVddUSB
                0x0000000008003644       0x20 Drivers/STM32L4xx_HAL_Driver/Src/stm32l4xx_hal_pwr_ex.o
                0x0000000008003644                HAL_PWREx_EnableVddUSB
 .text.HAL_QSPI_Init
                0x0000000008003664       0xec Drivers/STM32L4xx_HAL_Driver/Src/stm32l4xx_hal_qspi.o
                0x0000000008003664                HAL_QSPI_Init
 .text.HAL_QSPI_SetTimeout
                0x0000000008003750       0x1c Drivers/STM32L4xx_HAL_Driver/Src/stm32l4xx_hal_qspi.o
                0x0000000008003750                HAL_QSPI_SetTimeout
 .text.QSPI_WaitFlagStateUntilTimeout
                0x000000000800376c       0x6e Drivers/STM32L4xx_HAL_Driver/Src/stm32l4xx_hal_qspi.o
 *fill*         0x00000000080037da        0x2 
 .text.HAL_RCC_OscConfig
                0x00000000080037dc      0x7cc Drivers/STM32L4xx_HAL_Driver/Src/stm32l4xx_hal_rcc.o
                0x00000000080037dc                HAL_RCC_OscConfig
 .text.HAL_RCC_ClockConfig
                0x0000000008003fa8      0x1c4 Drivers/STM32L4xx_HAL_Driver/Src/stm32l4xx_hal_rcc.o
                0x0000000008003fa8                HAL_RCC_ClockConfig
 .text.HAL_RCC_GetSysClockFreq
                0x000000000800416c      0x118 Drivers/STM32L4xx_HAL_Driver/Src/stm32l4xx_hal_rcc.o
                0x000000000800416c                HAL_RCC_GetSysClockFreq
 .text.HAL_RCC_GetHCLKFreq
                0x0000000008004284       0x18 Drivers/STM32L4xx_HAL_Driver/Src/stm32l4xx_hal_rcc.o
                0x0000000008004284                HAL_RCC_GetHCLKFreq
 .text.HAL_RCC_GetPCLK1Freq
                0x000000000800429c       0x2c Drivers/STM32L4xx_HAL_Driver/Src/stm32l4xx_hal_rcc.o
                0x000000000800429c                HAL_RCC_GetPCLK1Freq
 .text.HAL_RCC_GetPCLK2Freq
                0x00000000080042c8       0x2c Drivers/STM32L4xx_HAL_Driver/Src/stm32l4xx_hal_rcc.o
                0x00000000080042c8                HAL_RCC_GetPCLK2Freq
 .text.RCC_SetFlashLatencyFromMSIRange
                0x00000000080042f4       0xc0 Drivers/STM32L4xx_HAL_Driver/Src/stm32l4xx_hal_rcc.o
 .text.HAL_RCCEx_PeriphCLKConfig
                0x00000000080043b4      0x5d4 Drivers/STM32L4xx_HAL_Driver/Src/stm32l4xx_hal_rcc_ex.o
                0x00000000080043b4                HAL_RCCEx_PeriphCLKConfig
 .text.HAL_RCCEx_EnableMSIPLLMode
                0x0000000008004988       0x20 Drivers/STM32L4xx_HAL_Driver/Src/stm32l4xx_hal_rcc_ex.o
                0x0000000008004988                HAL_RCCEx_EnableMSIPLLMode
 .text.RCCEx_PLLSAI1_Config
                0x00000000080049a8      0x1e8 Drivers/STM32L4xx_HAL_Driver/Src/stm32l4xx_hal_rcc_ex.o
 .text.RCCEx_PLLSAI2_Config
                0x0000000008004b90      0x1bc Drivers/STM32L4xx_HAL_Driver/Src/stm32l4xx_hal_rcc_ex.o
 .text.HAL_SPI_Init
                0x0000000008004d4c      0x146 Drivers/STM32L4xx_HAL_Driver/Src/stm32l4xx_hal_spi.o
                0x0000000008004d4c                HAL_SPI_Init
 .text.HAL_UART_Init
                0x0000000008004e92       0x9c Drivers/STM32L4xx_HAL_Driver/Src/stm32l4xx_hal_uart.o
                0x0000000008004e92                HAL_UART_Init
 .text.HAL_UART_Transmit
                0x0000000008004f2e      0x126 Drivers/STM32L4xx_HAL_Driver/Src/stm32l4xx_hal_uart.o
                0x0000000008004f2e                HAL_UART_Transmit
 .text.UART_SetConfig
                0x0000000008005054      0x514 Drivers/STM32L4xx_HAL_Driver/Src/stm32l4xx_hal_uart.o
                0x0000000008005054                UART_SetConfig
 .text.UART_AdvFeatureConfig
                0x0000000008005568      0x144 Drivers/STM32L4xx_HAL_Driver/Src/stm32l4xx_hal_uart.o
                0x0000000008005568                UART_AdvFeatureConfig
 .text.UART_CheckIdleState
                0x00000000080056ac       0x8a Drivers/STM32L4xx_HAL_Driver/Src/stm32l4xx_hal_uart.o
                0x00000000080056ac                UART_CheckIdleState
 .text.UART_WaitOnFlagUntilTimeout
                0x0000000008005736       0xf6 Drivers/STM32L4xx_HAL_Driver/Src/stm32l4xx_hal_uart.o
                0x0000000008005736                UART_WaitOnFlagUntilTimeout
 .text.USB_CoreInit
                0x000000000800582c       0xa4 Drivers/STM32L4xx_HAL_Driver/Src/stm32l4xx_ll_usb.o
                0x000000000800582c                USB_CoreInit
 .text.USB_DisableGlobalInt
                0x00000000080058d0       0x22 Drivers/STM32L4xx_HAL_Driver/Src/stm32l4xx_ll_usb.o
                0x00000000080058d0                USB_DisableGlobalInt
 .text.USB_SetCurrentMode
                0x00000000080058f2       0x54 Drivers/STM32L4xx_HAL_Driver/Src/stm32l4xx_ll_usb.o
                0x00000000080058f2                USB_SetCurrentMode
 *fill*         0x0000000008005946        0x2 
 .text.USB_DevInit
                0x0000000008005948      0x298 Drivers/STM32L4xx_HAL_Driver/Src/stm32l4xx_ll_usb.o
                0x0000000008005948                USB_DevInit
 .text.USB_FlushTxFifo
                0x0000000008005be0       0x4c Drivers/STM32L4xx_HAL_Driver/Src/stm32l4xx_ll_usb.o
                0x0000000008005be0                USB_FlushTxFifo
 .text.USB_FlushRxFifo
                0x0000000008005c2c       0x44 Drivers/STM32L4xx_HAL_Driver/Src/stm32l4xx_ll_usb.o
                0x0000000008005c2c                USB_FlushRxFifo
 .text.USB_SetDevSpeed
                0x0000000008005c70       0x32 Drivers/STM32L4xx_HAL_Driver/Src/stm32l4xx_ll_usb.o
                0x0000000008005c70                USB_SetDevSpeed
 .text.USB_DevDisconnect
                0x0000000008005ca2       0x42 Drivers/STM32L4xx_HAL_Driver/Src/stm32l4xx_ll_usb.o
                0x0000000008005ca2                USB_DevDisconnect
 .text.USB_CoreReset
                0x0000000008005ce4       0x68 Drivers/STM32L4xx_HAL_Driver/Src/stm32l4xx_ll_usb.o
 .text.__errno  0x0000000008005d4c        0xc c:/st/stm32cubeide_1.5.1/stm32cubeide/plugins/com.st.stm32cube.ide.mcu.externaltools.gnu-tools-for-stm32.9-2020-q2-update.win32_1.5.0.202011040924/tools/bin/../lib/gcc/arm-none-eabi/9.3.1/../../../../arm-none-eabi/lib/thumb/v7e-m+fp/hard\libc_nano.a(lib_a-errno.o)
                0x0000000008005d4c                __errno
 .text.__libc_init_array
                0x0000000008005d58       0x48 c:/st/stm32cubeide_1.5.1/stm32cubeide/plugins/com.st.stm32cube.ide.mcu.externaltools.gnu-tools-for-stm32.9-2020-q2-update.win32_1.5.0.202011040924/tools/bin/../lib/gcc/arm-none-eabi/9.3.1/../../../../arm-none-eabi/lib/thumb/v7e-m+fp/hard\libc_nano.a(lib_a-init.o)
                0x0000000008005d58                __libc_init_array
 .text.memcpy   0x0000000008005da0       0x1c c:/st/stm32cubeide_1.5.1/stm32cubeide/plugins/com.st.stm32cube.ide.mcu.externaltools.gnu-tools-for-stm32.9-2020-q2-update.win32_1.5.0.202011040924/tools/bin/../lib/gcc/arm-none-eabi/9.3.1/../../../../arm-none-eabi/lib/thumb/v7e-m+fp/hard\libc_nano.a(lib_a-memcpy-stub.o)
                0x0000000008005da0                memcpy
 .text.memset   0x0000000008005dbc       0x10 c:/st/stm32cubeide_1.5.1/stm32cubeide/plugins/com.st.stm32cube.ide.mcu.externaltools.gnu-tools-for-stm32.9-2020-q2-update.win32_1.5.0.202011040924/tools/bin/../lib/gcc/arm-none-eabi/9.3.1/../../../../arm-none-eabi/lib/thumb/v7e-m+fp/hard\libc_nano.a(lib_a-memset.o)
                0x0000000008005dbc                memset
 .text.snprintf
                0x0000000008005dcc       0x68 c:/st/stm32cubeide_1.5.1/stm32cubeide/plugins/com.st.stm32cube.ide.mcu.externaltools.gnu-tools-for-stm32.9-2020-q2-update.win32_1.5.0.202011040924/tools/bin/../lib/gcc/arm-none-eabi/9.3.1/../../../../arm-none-eabi/lib/thumb/v7e-m+fp/hard\libc_nano.a(lib_a-snprintf.o)
                0x0000000008005dcc                sniprintf
                0x0000000008005dcc                snprintf
 .text.__ssputs_r
                0x0000000008005e34       0xb6 c:/st/stm32cubeide_1.5.1/stm32cubeide/plugins/com.st.stm32cube.ide.mcu.externaltools.gnu-tools-for-stm32.9-2020-q2-update.win32_1.5.0.202011040924/tools/bin/../lib/gcc/arm-none-eabi/9.3.1/../../../../arm-none-eabi/lib/thumb/v7e-m+fp/hard\libc_nano.a(lib_a-nano-svfprintf.o)
                0x0000000008005e34                __ssputs_r
 *fill*         0x0000000008005eea        0x2 
 .text._svfprintf_r
                0x0000000008005eec      0x200 c:/st/stm32cubeide_1.5.1/stm32cubeide/plugins/com.st.stm32cube.ide.mcu.externaltools.gnu-tools-for-stm32.9-2020-q2-update.win32_1.5.0.202011040924/tools/bin/../lib/gcc/arm-none-eabi/9.3.1/../../../../arm-none-eabi/lib/thumb/v7e-m+fp/hard\libc_nano.a(lib_a-nano-svfprintf.o)
                0x0000000008005eec                _svfiprintf_r
                0x0000000008005eec                _svfprintf_r
 .text._printf_common
                0x00000000080060ec       0xda c:/st/stm32cubeide_1.5.1/stm32cubeide/plugins/com.st.stm32cube.ide.mcu.externaltools.gnu-tools-for-stm32.9-2020-q2-update.win32_1.5.0.202011040924/tools/bin/../lib/gcc/arm-none-eabi/9.3.1/../../../../arm-none-eabi/lib/thumb/v7e-m+fp/hard\libc_nano.a(lib_a-nano-vfprintf_i.o)
                0x00000000080060ec                _printf_common
 *fill*         0x00000000080061c6        0x2 
 .text._printf_i
                0x00000000080061c8      0x24c c:/st/stm32cubeide_1.5.1/stm32cubeide/plugins/com.st.stm32cube.ide.mcu.externaltools.gnu-tools-for-stm32.9-2020-q2-update.win32_1.5.0.202011040924/tools/bin/../lib/gcc/arm-none-eabi/9.3.1/../../../../arm-none-eabi/lib/thumb/v7e-m+fp/hard\libc_nano.a(lib_a-nano-vfprintf_i.o)
                0x00000000080061c8                _printf_i
 .text.memmove  0x0000000008006414       0x34 c:/st/stm32cubeide_1.5.1/stm32cubeide/plugins/com.st.stm32cube.ide.mcu.externaltools.gnu-tools-for-stm32.9-2020-q2-update.win32_1.5.0.202011040924/tools/bin/../lib/gcc/arm-none-eabi/9.3.1/../../../../arm-none-eabi/lib/thumb/v7e-m+fp/hard\libc_nano.a(lib_a-memmove.o)
                0x0000000008006414                memmove
 .text._free_r  0x0000000008006448       0xa0 c:/st/stm32cubeide_1.5.1/stm32cubeide/plugins/com.st.stm32cube.ide.mcu.externaltools.gnu-tools-for-stm32.9-2020-q2-update.win32_1.5.0.202011040924/tools/bin/../lib/gcc/arm-none-eabi/9.3.1/../../../../arm-none-eabi/lib/thumb/v7e-m+fp/hard\libc_nano.a(lib_a-nano-freer.o)
                0x0000000008006448                _free_r
 .text._malloc_r
                0x00000000080064e8       0xb4 c:/st/stm32cubeide_1.5.1/stm32cubeide/plugins/com.st.stm32cube.ide.mcu.externaltools.gnu-tools-for-stm32.9-2020-q2-update.win32_1.5.0.202011040924/tools/bin/../lib/gcc/arm-none-eabi/9.3.1/../../../../arm-none-eabi/lib/thumb/v7e-m+fp/hard\libc_nano.a(lib_a-nano-mallocr.o)
                0x00000000080064e8                _malloc_r
 .text._realloc_r
                0x000000000800659c       0x4c c:/st/stm32cubeide_1.5.1/stm32cubeide/plugins/com.st.stm32cube.ide.mcu.externaltools.gnu-tools-for-stm32.9-2020-q2-update.win32_1.5.0.202011040924/tools/bin/../lib/gcc/arm-none-eabi/9.3.1/../../../../arm-none-eabi/lib/thumb/v7e-m+fp/hard\libc_nano.a(lib_a-nano-reallocr.o)
                0x000000000800659c                _realloc_r
 .text._sbrk_r  0x00000000080065e8       0x20 c:/st/stm32cubeide_1.5.1/stm32cubeide/plugins/com.st.stm32cube.ide.mcu.externaltools.gnu-tools-for-stm32.9-2020-q2-update.win32_1.5.0.202011040924/tools/bin/../lib/gcc/arm-none-eabi/9.3.1/../../../../arm-none-eabi/lib/thumb/v7e-m+fp/hard\libc_nano.a(lib_a-sbrkr.o)
                0x00000000080065e8                _sbrk_r
 .text.__malloc_lock
                0x0000000008006608        0xc c:/st/stm32cubeide_1.5.1/stm32cubeide/plugins/com.st.stm32cube.ide.mcu.externaltools.gnu-tools-for-stm32.9-2020-q2-update.win32_1.5.0.202011040924/tools/bin/../lib/gcc/arm-none-eabi/9.3.1/../../../../arm-none-eabi/lib/thumb/v7e-m+fp/hard\libc_nano.a(lib_a-mlock.o)
                0x0000000008006608                __malloc_lock
 .text.__malloc_unlock
                0x0000000008006614        0xc c:/st/stm32cubeide_1.5.1/stm32cubeide/plugins/com.st.stm32cube.ide.mcu.externaltools.gnu-tools-for-stm32.9-2020-q2-update.win32_1.5.0.202011040924/tools/bin/../lib/gcc/arm-none-eabi/9.3.1/../../../../arm-none-eabi/lib/thumb/v7e-m+fp/hard\libc_nano.a(lib_a-mlock.o)
                0x0000000008006614                __malloc_unlock
 .text._malloc_usable_size_r
                0x0000000008006620       0x10 c:/st/stm32cubeide_1.5.1/stm32cubeide/plugins/com.st.stm32cube.ide.mcu.externaltools.gnu-tools-for-stm32.9-2020-q2-update.win32_1.5.0.202011040924/tools/bin/../lib/gcc/arm-none-eabi/9.3.1/../../../../arm-none-eabi/lib/thumb/v7e-m+fp/hard\libc_nano.a(lib_a-nano-msizer.o)
                0x0000000008006620                _malloc_usable_size_r
 .text.__retarget_lock_acquire_recursive
                0x0000000008006630        0x2 c:/st/stm32cubeide_1.5.1/stm32cubeide/plugins/com.st.stm32cube.ide.mcu.externaltools.gnu-tools-for-stm32.9-2020-q2-update.win32_1.5.0.202011040924/tools/bin/../lib/gcc/arm-none-eabi/9.3.1/../../../../arm-none-eabi/lib/thumb/v7e-m+fp/hard\libc_nano.a(lib_a-lock.o)
                0x0000000008006630                __retarget_lock_acquire_recursive
 .text.__retarget_lock_release_recursive
                0x0000000008006632        0x2 c:/st/stm32cubeide_1.5.1/stm32cubeide/plugins/com.st.stm32cube.ide.mcu.externaltools.gnu-tools-for-stm32.9-2020-q2-update.win32_1.5.0.202011040924/tools/bin/../lib/gcc/arm-none-eabi/9.3.1/../../../../arm-none-eabi/lib/thumb/v7e-m+fp/hard\libc_nano.a(lib_a-lock.o)
                0x0000000008006632                __retarget_lock_release_recursive
 .text.trunc    0x0000000008006634       0x64 c:/st/stm32cubeide_1.5.1/stm32cubeide/plugins/com.st.stm32cube.ide.mcu.externaltools.gnu-tools-for-stm32.9-2020-q2-update.win32_1.5.0.202011040924/tools/bin/../lib/gcc/arm-none-eabi/9.3.1/../../../../arm-none-eabi/lib/thumb/v7e-m+fp/hard\libm.a(lib_a-s_trunc.o)
                0x0000000008006634                trunc
 *(.glue_7)
 .glue_7        0x0000000008006698        0x0 linker stubs
 *(.glue_7t)
 .glue_7t       0x0000000008006698        0x0 linker stubs
 *(.eh_frame)
 .eh_frame      0x0000000008006698        0x0 c:/st/stm32cubeide_1.5.1/stm32cubeide/plugins/com.st.stm32cube.ide.mcu.externaltools.gnu-tools-for-stm32.9-2020-q2-update.win32_1.5.0.202011040924/tools/bin/../lib/gcc/arm-none-eabi/9.3.1/thumb/v7e-m+fp/hard/crtbegin.o
 *(.init)
 .init          0x0000000008006698        0x4 c:/st/stm32cubeide_1.5.1/stm32cubeide/plugins/com.st.stm32cube.ide.mcu.externaltools.gnu-tools-for-stm32.9-2020-q2-update.win32_1.5.0.202011040924/tools/bin/../lib/gcc/arm-none-eabi/9.3.1/thumb/v7e-m+fp/hard/crti.o
                0x0000000008006698                _init
 .init          0x000000000800669c        0x8 c:/st/stm32cubeide_1.5.1/stm32cubeide/plugins/com.st.stm32cube.ide.mcu.externaltools.gnu-tools-for-stm32.9-2020-q2-update.win32_1.5.0.202011040924/tools/bin/../lib/gcc/arm-none-eabi/9.3.1/thumb/v7e-m+fp/hard/crtn.o
 *(.fini)
 .fini          0x00000000080066a4        0x4 c:/st/stm32cubeide_1.5.1/stm32cubeide/plugins/com.st.stm32cube.ide.mcu.externaltools.gnu-tools-for-stm32.9-2020-q2-update.win32_1.5.0.202011040924/tools/bin/../lib/gcc/arm-none-eabi/9.3.1/thumb/v7e-m+fp/hard/crti.o
                0x00000000080066a4                _fini
 .fini          0x00000000080066a8        0x8 c:/st/stm32cubeide_1.5.1/stm32cubeide/plugins/com.st.stm32cube.ide.mcu.externaltools.gnu-tools-for-stm32.9-2020-q2-update.win32_1.5.0.202011040924/tools/bin/../lib/gcc/arm-none-eabi/9.3.1/thumb/v7e-m+fp/hard/crtn.o
                0x00000000080066b0                . = ALIGN (0x4)
                0x00000000080066b0                _etext = .

.vfp11_veneer   0x00000000080066b0        0x0
 .vfp11_veneer  0x00000000080066b0        0x0 linker stubs

.v4_bx          0x00000000080066b0        0x0
 .v4_bx         0x00000000080066b0        0x0 linker stubs

.iplt           0x00000000080066b0        0x0
 .iplt          0x00000000080066b0        0x0 c:/st/stm32cubeide_1.5.1/stm32cubeide/plugins/com.st.stm32cube.ide.mcu.externaltools.gnu-tools-for-stm32.9-2020-q2-update.win32_1.5.0.202011040924/tools/bin/../lib/gcc/arm-none-eabi/9.3.1/thumb/v7e-m+fp/hard/crtbegin.o

.rodata         0x00000000080066b0       0x98
                0x00000000080066b0                . = ALIGN (0x4)
 *(.rodata)
 .rodata        0x00000000080066b0       0x19 Core/Src/main.o
 *(.rodata*)
 *fill*         0x00000000080066c9        0x3 
 .rodata.AHBPrescTable
                0x00000000080066cc       0x10 Core/Src/system_stm32l4xx.o
                0x00000000080066cc                AHBPrescTable
 .rodata.APBPrescTable
                0x00000000080066dc        0x8 Core/Src/system_stm32l4xx.o
                0x00000000080066dc                APBPrescTable
 .rodata.MSIRangeTable
                0x00000000080066e4       0x30 Core/Src/system_stm32l4xx.o
                0x00000000080066e4                MSIRangeTable
 .rodata._svfprintf_r.str1.1
                0x0000000008006714       0x11 c:/st/stm32cubeide_1.5.1/stm32cubeide/plugins/com.st.stm32cube.ide.mcu.externaltools.gnu-tools-for-stm32.9-2020-q2-update.win32_1.5.0.202011040924/tools/bin/../lib/gcc/arm-none-eabi/9.3.1/../../../../arm-none-eabi/lib/thumb/v7e-m+fp/hard\libc_nano.a(lib_a-nano-svfprintf.o)
 .rodata._printf_i.str1.1
                0x0000000008006725       0x22 c:/st/stm32cubeide_1.5.1/stm32cubeide/plugins/com.st.stm32cube.ide.mcu.externaltools.gnu-tools-for-stm32.9-2020-q2-update.win32_1.5.0.202011040924/tools/bin/../lib/gcc/arm-none-eabi/9.3.1/../../../../arm-none-eabi/lib/thumb/v7e-m+fp/hard\libc_nano.a(lib_a-nano-vfprintf_i.o)
                0x0000000008006748                . = ALIGN (0x4)
 *fill*         0x0000000008006747        0x1 

.ARM.extab      0x0000000008006748        0x0
                0x0000000008006748                . = ALIGN (0x4)
 *(.ARM.extab* .gnu.linkonce.armextab.*)
                0x0000000008006748                . = ALIGN (0x4)

.ARM            0x0000000008006748        0x8
                0x0000000008006748                . = ALIGN (0x4)
                0x0000000008006748                __exidx_start = .
 *(.ARM.exidx*)
 .ARM.exidx     0x0000000008006748        0x8 c:/st/stm32cubeide_1.5.1/stm32cubeide/plugins/com.st.stm32cube.ide.mcu.externaltools.gnu-tools-for-stm32.9-2020-q2-update.win32_1.5.0.202011040924/tools/bin/../lib/gcc/arm-none-eabi/9.3.1/thumb/v7e-m+fp/hard\libgcc.a(_udivmoddi4.o)
                0x0000000008006750                __exidx_end = .
                0x0000000008006750                . = ALIGN (0x4)

.rel.dyn        0x0000000008006750        0x0
 .rel.iplt      0x0000000008006750        0x0 c:/st/stm32cubeide_1.5.1/stm32cubeide/plugins/com.st.stm32cube.ide.mcu.externaltools.gnu-tools-for-stm32.9-2020-q2-update.win32_1.5.0.202011040924/tools/bin/../lib/gcc/arm-none-eabi/9.3.1/thumb/v7e-m+fp/hard/crtbegin.o

.preinit_array  0x0000000008006750        0x0
                0x0000000008006750                . = ALIGN (0x4)
                0x0000000008006750                PROVIDE (__preinit_array_start = .)
 *(.preinit_array*)
                0x0000000008006750                PROVIDE (__preinit_array_end = .)
                0x0000000008006750                . = ALIGN (0x4)

.init_array     0x0000000008006750        0x4
                0x0000000008006750                . = ALIGN (0x4)
                0x0000000008006750                PROVIDE (__init_array_start = .)
 *(SORT_BY_NAME(.init_array.*))
 *(.init_array*)
 .init_array    0x0000000008006750        0x4 c:/st/stm32cubeide_1.5.1/stm32cubeide/plugins/com.st.stm32cube.ide.mcu.externaltools.gnu-tools-for-stm32.9-2020-q2-update.win32_1.5.0.202011040924/tools/bin/../lib/gcc/arm-none-eabi/9.3.1/thumb/v7e-m+fp/hard/crtbegin.o
                0x0000000008006754                PROVIDE (__init_array_end = .)
                0x0000000008006754                . = ALIGN (0x4)

.fini_array     0x0000000008006754        0x4
                0x0000000008006754                . = ALIGN (0x4)
                [!provide]                        PROVIDE (__fini_array_start = .)
 *(SORT_BY_NAME(.fini_array.*))
 *(.fini_array*)
 .fini_array    0x0000000008006754        0x4 c:/st/stm32cubeide_1.5.1/stm32cubeide/plugins/com.st.stm32cube.ide.mcu.externaltools.gnu-tools-for-stm32.9-2020-q2-update.win32_1.5.0.202011040924/tools/bin/../lib/gcc/arm-none-eabi/9.3.1/thumb/v7e-m+fp/hard/crtbegin.o
                [!provide]                        PROVIDE (__fini_array_end = .)
                0x0000000008006758                . = ALIGN (0x4)
                0x0000000008006758                _sidata = LOADADDR (.data)

.data           0x0000000020000000      0x114 load address 0x0000000008006758
                0x0000000020000000                . = ALIGN (0x4)
                0x0000000020000000                _sdata = .
 *(.data)
 *(.data*)
 .data.msg1     0x0000000020000000       0x30 Core/Src/main.o
                0x0000000020000000                msg1
 .data.msg2     0x0000000020000030       0x2f Core/Src/main.o
                0x0000000020000030                msg2
 *fill*         0x000000002000005f        0x1 
 .data.msg3     0x0000000020000060       0x31 Core/Src/main.o
                0x0000000020000060                msg3
 *fill*         0x0000000020000091        0x3 
 .data.SystemCoreClock
                0x0000000020000094        0x4 Core/Src/system_stm32l4xx.o
                0x0000000020000094                SystemCoreClock
 .data.HTS221_T_Drv
                0x0000000020000098       0x10 Drivers/BSP/Components/hts221/hts221.o
                0x0000000020000098                HTS221_T_Drv
 .data.uwTickPrio
                0x00000000200000a8        0x4 Drivers/STM32L4xx_HAL_Driver/Src/stm32l4xx_hal.o
                0x00000000200000a8                uwTickPrio
 .data.uwTickFreq
                0x00000000200000ac        0x1 Drivers/STM32L4xx_HAL_Driver/Src/stm32l4xx_hal.o
                0x00000000200000ac                uwTickFreq
 *fill*         0x00000000200000ad        0x3 
 .data._impure_ptr
                0x00000000200000b0        0x4 c:/st/stm32cubeide_1.5.1/stm32cubeide/plugins/com.st.stm32cube.ide.mcu.externaltools.gnu-tools-for-stm32.9-2020-q2-update.win32_1.5.0.202011040924/tools/bin/../lib/gcc/arm-none-eabi/9.3.1/../../../../arm-none-eabi/lib/thumb/v7e-m+fp/hard\libc_nano.a(lib_a-impure.o)
                0x00000000200000b0                _impure_ptr
 .data.impure_data
                0x00000000200000b4       0x60 c:/st/stm32cubeide_1.5.1/stm32cubeide/plugins/com.st.stm32cube.ide.mcu.externaltools.gnu-tools-for-stm32.9-2020-q2-update.win32_1.5.0.202011040924/tools/bin/../lib/gcc/arm-none-eabi/9.3.1/../../../../arm-none-eabi/lib/thumb/v7e-m+fp/hard\libc_nano.a(lib_a-impure.o)
 *(.RamFunc)
 *(.RamFunc*)
                0x0000000020000114                . = ALIGN (0x4)
                0x0000000020000114                _edata = .

.igot.plt       0x0000000020000114        0x0 load address 0x000000000800686c
 .igot.plt      0x0000000020000114        0x0 c:/st/stm32cubeide_1.5.1/stm32cubeide/plugins/com.st.stm32cube.ide.mcu.externaltools.gnu-tools-for-stm32.9-2020-q2-update.win32_1.5.0.202011040924/tools/bin/../lib/gcc/arm-none-eabi/9.3.1/thumb/v7e-m+fp/hard/crtbegin.o
                0x0000000020000114                . = ALIGN (0x4)

.bss            0x0000000020000114      0x7d0 load address 0x000000000800686c
                0x0000000020000114                _sbss = .
                0x0000000020000114                __bss_start__ = _sbss
 *(.bss)
 .bss           0x0000000020000114       0x1c c:/st/stm32cubeide_1.5.1/stm32cubeide/plugins/com.st.stm32cube.ide.mcu.externaltools.gnu-tools-for-stm32.9-2020-q2-update.win32_1.5.0.202011040924/tools/bin/../lib/gcc/arm-none-eabi/9.3.1/thumb/v7e-m+fp/hard/crtbegin.o
 *(.bss*)
 .bss.temp_value
                0x0000000020000130        0x4 Core/Src/main.o
                0x0000000020000130                temp_value
 .bss.str_tmp   0x0000000020000134       0x64 Core/Src/main.o
                0x0000000020000134                str_tmp
 .bss.DFSDM1_Init
                0x0000000020000198        0x4 Core/Src/stm32l4xx_hal_msp.o
 .bss.__sbrk_heap_end
                0x000000002000019c        0x4 Core/Src/sysmem.o
 .bss.tsensor_drv
                0x00000000200001a0        0x4 Drivers/BSP/B-L475E-IOT01/stm32l475e_iot01_tsensor.o
 .bss.v_dfsdm1ChannelCounter
                0x00000000200001a4        0x4 Drivers/STM32L4xx_HAL_Driver/Src/stm32l4xx_hal_dfsdm.o
 .bss.a_dfsdm1ChannelHandle
                0x00000000200001a8       0x20 Drivers/STM32L4xx_HAL_Driver/Src/stm32l4xx_hal_dfsdm.o
 .bss.__malloc_free_list
                0x00000000200001c8        0x4 c:/st/stm32cubeide_1.5.1/stm32cubeide/plugins/com.st.stm32cube.ide.mcu.externaltools.gnu-tools-for-stm32.9-2020-q2-update.win32_1.5.0.202011040924/tools/bin/../lib/gcc/arm-none-eabi/9.3.1/../../../../arm-none-eabi/lib/thumb/v7e-m+fp/hard\libc_nano.a(lib_a-nano-mallocr.o)
                0x00000000200001c8                __malloc_free_list
 .bss.__malloc_sbrk_start
                0x00000000200001cc        0x4 c:/st/stm32cubeide_1.5.1/stm32cubeide/plugins/com.st.stm32cube.ide.mcu.externaltools.gnu-tools-for-stm32.9-2020-q2-update.win32_1.5.0.202011040924/tools/bin/../lib/gcc/arm-none-eabi/9.3.1/../../../../arm-none-eabi/lib/thumb/v7e-m+fp/hard\libc_nano.a(lib_a-nano-mallocr.o)
                0x00000000200001cc                __malloc_sbrk_start
 *(COMMON)
 COMMON         0x00000000200001d0      0x634 Core/Src/main.o
                0x00000000200001d0                hdfsdm1_channel1
                0x0000000020000208                huart3
                0x0000000020000288                hpcd_USB_OTG_FS
                0x0000000020000690                hi2c2
                0x00000000200006dc                hspi3
                0x0000000020000740                huart1
                0x00000000200007c0                hqspi
 COMMON         0x0000000020000804       0xcc Drivers/BSP/B-L475E-IOT01/stm32l475e_iot01.o
                0x0000000020000804                hDiscoUart
                0x0000000020000884                hI2cHandler
 COMMON         0x00000000200008d0        0x4 Drivers/STM32L4xx_HAL_Driver/Src/stm32l4xx_hal.o
                0x00000000200008d0                uwTick
 COMMON         0x00000000200008d4        0x4 c:/st/stm32cubeide_1.5.1/stm32cubeide/plugins/com.st.stm32cube.ide.mcu.externaltools.gnu-tools-for-stm32.9-2020-q2-update.win32_1.5.0.202011040924/tools/bin/../lib/gcc/arm-none-eabi/9.3.1/../../../../arm-none-eabi/lib/thumb/v7e-m+fp/hard\libc_nano.a(lib_a-reent.o)
                0x00000000200008d4                errno
 COMMON         0x00000000200008d8        0x9 c:/st/stm32cubeide_1.5.1/stm32cubeide/plugins/com.st.stm32cube.ide.mcu.externaltools.gnu-tools-for-stm32.9-2020-q2-update.win32_1.5.0.202011040924/tools/bin/../lib/gcc/arm-none-eabi/9.3.1/../../../../arm-none-eabi/lib/thumb/v7e-m+fp/hard\libc_nano.a(lib_a-lock.o)
                0x00000000200008d8                __lock___atexit_recursive_mutex
                0x00000000200008d9                __lock___arc4random_mutex
                0x00000000200008da                __lock___env_recursive_mutex
                0x00000000200008db                __lock___sinit_recursive_mutex
                0x00000000200008dc                __lock___malloc_recursive_mutex
                0x00000000200008dd                __lock___at_quick_exit_mutex
                0x00000000200008de                __lock___dd_hash_mutex
                0x00000000200008df                __lock___tz_mutex
                0x00000000200008e0                __lock___sfp_recursive_mutex
                0x00000000200008e4                . = ALIGN (0x4)
 *fill*         0x00000000200008e1        0x3 
                0x00000000200008e4                _ebss = .
                0x00000000200008e4                __bss_end__ = _ebss

._user_heap_stack
                0x00000000200008e4      0x604 load address 0x000000000800686c
                0x00000000200008e8                . = ALIGN (0x8)
 *fill*         0x00000000200008e4        0x4 
                [!provide]                        PROVIDE (end = .)
                0x00000000200008e8                PROVIDE (_end = .)
                0x0000000020000ae8                . = (. + _Min_Heap_Size)
 *fill*         0x00000000200008e8      0x200 
                0x0000000020000ee8                . = (. + _Min_Stack_Size)
 *fill*         0x0000000020000ae8      0x400 
                0x0000000020000ee8                . = ALIGN (0x8)

/DISCARD/
 libc.a(*)
 libm.a(*)
 libgcc.a(*)

.ARM.attributes
                0x0000000000000000       0x30
 *(.ARM.attributes)
 .ARM.attributes
                0x0000000000000000       0x1e c:/st/stm32cubeide_1.5.1/stm32cubeide/plugins/com.st.stm32cube.ide.mcu.externaltools.gnu-tools-for-stm32.9-2020-q2-update.win32_1.5.0.202011040924/tools/bin/../lib/gcc/arm-none-eabi/9.3.1/thumb/v7e-m+fp/hard/crti.o
 .ARM.attributes
                0x000000000000001e       0x34 c:/st/stm32cubeide_1.5.1/stm32cubeide/plugins/com.st.stm32cube.ide.mcu.externaltools.gnu-tools-for-stm32.9-2020-q2-update.win32_1.5.0.202011040924/tools/bin/../lib/gcc/arm-none-eabi/9.3.1/thumb/v7e-m+fp/hard/crtbegin.o
 .ARM.attributes
                0x0000000000000052       0x34 Core/Src/main.o
 .ARM.attributes
                0x0000000000000086       0x34 Core/Src/stm32l4xx_hal_msp.o
 .ARM.attributes
                0x00000000000000ba       0x34 Core/Src/stm32l4xx_it.o
 .ARM.attributes
                0x00000000000000ee       0x34 Core/Src/sysmem.o
 .ARM.attributes
                0x0000000000000122       0x34 Core/Src/system_stm32l4xx.o
 .ARM.attributes
                0x0000000000000156       0x21 Core/Startup/startup_stm32l475vgtx.o
 .ARM.attributes
                0x0000000000000177       0x34 Drivers/BSP/B-L475E-IOT01/stm32l475e_iot01.o
 .ARM.attributes
                0x00000000000001ab       0x34 Drivers/BSP/B-L475E-IOT01/stm32l475e_iot01_tsensor.o
 .ARM.attributes
                0x00000000000001df       0x34 Drivers/BSP/Components/hts221/hts221.o
 .ARM.attributes
                0x0000000000000213       0x34 Drivers/STM32L4xx_HAL_Driver/Src/stm32l4xx_hal.o
 .ARM.attributes
                0x0000000000000247       0x34 Drivers/STM32L4xx_HAL_Driver/Src/stm32l4xx_hal_cortex.o
 .ARM.attributes
                0x000000000000027b       0x34 Drivers/STM32L4xx_HAL_Driver/Src/stm32l4xx_hal_dfsdm.o
 .ARM.attributes
                0x00000000000002af       0x34 Drivers/STM32L4xx_HAL_Driver/Src/stm32l4xx_hal_gpio.o
 .ARM.attributes
                0x00000000000002e3       0x34 Drivers/STM32L4xx_HAL_Driver/Src/stm32l4xx_hal_i2c.o
 .ARM.attributes
                0x0000000000000317       0x34 Drivers/STM32L4xx_HAL_Driver/Src/stm32l4xx_hal_i2c_ex.o
 .ARM.attributes
                0x000000000000034b       0x34 Drivers/STM32L4xx_HAL_Driver/Src/stm32l4xx_hal_pcd.o
 .ARM.attributes
                0x000000000000037f       0x34 Drivers/STM32L4xx_HAL_Driver/Src/stm32l4xx_hal_pcd_ex.o
 .ARM.attributes
                0x00000000000003b3       0x34 Drivers/STM32L4xx_HAL_Driver/Src/stm32l4xx_hal_pwr.o
 .ARM.attributes
                0x00000000000003e7       0x34 Drivers/STM32L4xx_HAL_Driver/Src/stm32l4xx_hal_pwr_ex.o
 .ARM.attributes
                0x000000000000041b       0x34 Drivers/STM32L4xx_HAL_Driver/Src/stm32l4xx_hal_qspi.o
 .ARM.attributes
                0x000000000000044f       0x34 Drivers/STM32L4xx_HAL_Driver/Src/stm32l4xx_hal_rcc.o
 .ARM.attributes
                0x0000000000000483       0x34 Drivers/STM32L4xx_HAL_Driver/Src/stm32l4xx_hal_rcc_ex.o
 .ARM.attributes
                0x00000000000004b7       0x34 Drivers/STM32L4xx_HAL_Driver/Src/stm32l4xx_hal_spi.o
 .ARM.attributes
                0x00000000000004eb       0x34 Drivers/STM32L4xx_HAL_Driver/Src/stm32l4xx_hal_uart.o
 .ARM.attributes
                0x000000000000051f       0x34 Drivers/STM32L4xx_HAL_Driver/Src/stm32l4xx_ll_usb.o
 .ARM.attributes
                0x0000000000000553       0x34 c:/st/stm32cubeide_1.5.1/stm32cubeide/plugins/com.st.stm32cube.ide.mcu.externaltools.gnu-tools-for-stm32.9-2020-q2-update.win32_1.5.0.202011040924/tools/bin/../lib/gcc/arm-none-eabi/9.3.1/../../../../arm-none-eabi/lib/thumb/v7e-m+fp/hard\libc_nano.a(lib_a-errno.o)
 .ARM.attributes
                0x0000000000000587       0x32 c:/st/stm32cubeide_1.5.1/stm32cubeide/plugins/com.st.stm32cube.ide.mcu.externaltools.gnu-tools-for-stm32.9-2020-q2-update.win32_1.5.0.202011040924/tools/bin/../lib/gcc/arm-none-eabi/9.3.1/../../../../arm-none-eabi/lib/thumb/v7e-m+fp/hard\libc_nano.a(lib_a-impure.o)
 .ARM.attributes
                0x00000000000005b9       0x34 c:/st/stm32cubeide_1.5.1/stm32cubeide/plugins/com.st.stm32cube.ide.mcu.externaltools.gnu-tools-for-stm32.9-2020-q2-update.win32_1.5.0.202011040924/tools/bin/../lib/gcc/arm-none-eabi/9.3.1/../../../../arm-none-eabi/lib/thumb/v7e-m+fp/hard\libc_nano.a(lib_a-init.o)
 .ARM.attributes
                0x00000000000005ed       0x34 c:/st/stm32cubeide_1.5.1/stm32cubeide/plugins/com.st.stm32cube.ide.mcu.externaltools.gnu-tools-for-stm32.9-2020-q2-update.win32_1.5.0.202011040924/tools/bin/../lib/gcc/arm-none-eabi/9.3.1/../../../../arm-none-eabi/lib/thumb/v7e-m+fp/hard\libc_nano.a(lib_a-memcpy-stub.o)
 .ARM.attributes
                0x0000000000000621       0x34 c:/st/stm32cubeide_1.5.1/stm32cubeide/plugins/com.st.stm32cube.ide.mcu.externaltools.gnu-tools-for-stm32.9-2020-q2-update.win32_1.5.0.202011040924/tools/bin/../lib/gcc/arm-none-eabi/9.3.1/../../../../arm-none-eabi/lib/thumb/v7e-m+fp/hard\libc_nano.a(lib_a-memset.o)
 .ARM.attributes
                0x0000000000000655       0x34 c:/st/stm32cubeide_1.5.1/stm32cubeide/plugins/com.st.stm32cube.ide.mcu.externaltools.gnu-tools-for-stm32.9-2020-q2-update.win32_1.5.0.202011040924/tools/bin/../lib/gcc/arm-none-eabi/9.3.1/../../../../arm-none-eabi/lib/thumb/v7e-m+fp/hard\libc_nano.a(lib_a-snprintf.o)
 .ARM.attributes
                0x0000000000000689       0x34 c:/st/stm32cubeide_1.5.1/stm32cubeide/plugins/com.st.stm32cube.ide.mcu.externaltools.gnu-tools-for-stm32.9-2020-q2-update.win32_1.5.0.202011040924/tools/bin/../lib/gcc/arm-none-eabi/9.3.1/../../../../arm-none-eabi/lib/thumb/v7e-m+fp/hard\libc_nano.a(lib_a-nano-svfprintf.o)
 .ARM.attributes
                0x00000000000006bd       0x34 c:/st/stm32cubeide_1.5.1/stm32cubeide/plugins/com.st.stm32cube.ide.mcu.externaltools.gnu-tools-for-stm32.9-2020-q2-update.win32_1.5.0.202011040924/tools/bin/../lib/gcc/arm-none-eabi/9.3.1/../../../../arm-none-eabi/lib/thumb/v7e-m+fp/hard\libc_nano.a(lib_a-nano-vfprintf_i.o)
 .ARM.attributes
                0x00000000000006f1       0x1c c:/st/stm32cubeide_1.5.1/stm32cubeide/plugins/com.st.stm32cube.ide.mcu.externaltools.gnu-tools-for-stm32.9-2020-q2-update.win32_1.5.0.202011040924/tools/bin/../lib/gcc/arm-none-eabi/9.3.1/../../../../arm-none-eabi/lib/thumb/v7e-m+fp/hard\libc_nano.a(lib_a-memchr.o)
 .ARM.attributes
                0x000000000000070d       0x34 c:/st/stm32cubeide_1.5.1/stm32cubeide/plugins/com.st.stm32cube.ide.mcu.externaltools.gnu-tools-for-stm32.9-2020-q2-update.win32_1.5.0.202011040924/tools/bin/../lib/gcc/arm-none-eabi/9.3.1/../../../../arm-none-eabi/lib/thumb/v7e-m+fp/hard\libc_nano.a(lib_a-memmove.o)
 .ARM.attributes
                0x0000000000000741       0x34 c:/st/stm32cubeide_1.5.1/stm32cubeide/plugins/com.st.stm32cube.ide.mcu.externaltools.gnu-tools-for-stm32.9-2020-q2-update.win32_1.5.0.202011040924/tools/bin/../lib/gcc/arm-none-eabi/9.3.1/../../../../arm-none-eabi/lib/thumb/v7e-m+fp/hard\libc_nano.a(lib_a-nano-freer.o)
 .ARM.attributes
                0x0000000000000775       0x34 c:/st/stm32cubeide_1.5.1/stm32cubeide/plugins/com.st.stm32cube.ide.mcu.externaltools.gnu-tools-for-stm32.9-2020-q2-update.win32_1.5.0.202011040924/tools/bin/../lib/gcc/arm-none-eabi/9.3.1/../../../../arm-none-eabi/lib/thumb/v7e-m+fp/hard\libc_nano.a(lib_a-nano-mallocr.o)
 .ARM.attributes
                0x00000000000007a9       0x34 c:/st/stm32cubeide_1.5.1/stm32cubeide/plugins/com.st.stm32cube.ide.mcu.externaltools.gnu-tools-for-stm32.9-2020-q2-update.win32_1.5.0.202011040924/tools/bin/../lib/gcc/arm-none-eabi/9.3.1/../../../../arm-none-eabi/lib/thumb/v7e-m+fp/hard\libc_nano.a(lib_a-nano-reallocr.o)
 .ARM.attributes
                0x00000000000007dd       0x34 c:/st/stm32cubeide_1.5.1/stm32cubeide/plugins/com.st.stm32cube.ide.mcu.externaltools.gnu-tools-for-stm32.9-2020-q2-update.win32_1.5.0.202011040924/tools/bin/../lib/gcc/arm-none-eabi/9.3.1/../../../../arm-none-eabi/lib/thumb/v7e-m+fp/hard\libc_nano.a(lib_a-sbrkr.o)
 .ARM.attributes
                0x0000000000000811       0x34 c:/st/stm32cubeide_1.5.1/stm32cubeide/plugins/com.st.stm32cube.ide.mcu.externaltools.gnu-tools-for-stm32.9-2020-q2-update.win32_1.5.0.202011040924/tools/bin/../lib/gcc/arm-none-eabi/9.3.1/../../../../arm-none-eabi/lib/thumb/v7e-m+fp/hard\libc_nano.a(lib_a-mlock.o)
 .ARM.attributes
                0x0000000000000845       0x34 c:/st/stm32cubeide_1.5.1/stm32cubeide/plugins/com.st.stm32cube.ide.mcu.externaltools.gnu-tools-for-stm32.9-2020-q2-update.win32_1.5.0.202011040924/tools/bin/../lib/gcc/arm-none-eabi/9.3.1/../../../../arm-none-eabi/lib/thumb/v7e-m+fp/hard\libc_nano.a(lib_a-nano-msizer.o)
 .ARM.attributes
                0x0000000000000879       0x34 c:/st/stm32cubeide_1.5.1/stm32cubeide/plugins/com.st.stm32cube.ide.mcu.externaltools.gnu-tools-for-stm32.9-2020-q2-update.win32_1.5.0.202011040924/tools/bin/../lib/gcc/arm-none-eabi/9.3.1/../../../../arm-none-eabi/lib/thumb/v7e-m+fp/hard\libc_nano.a(lib_a-reent.o)
 .ARM.attributes
                0x00000000000008ad       0x34 c:/st/stm32cubeide_1.5.1/stm32cubeide/plugins/com.st.stm32cube.ide.mcu.externaltools.gnu-tools-for-stm32.9-2020-q2-update.win32_1.5.0.202011040924/tools/bin/../lib/gcc/arm-none-eabi/9.3.1/../../../../arm-none-eabi/lib/thumb/v7e-m+fp/hard\libc_nano.a(lib_a-lock.o)
 .ARM.attributes
                0x00000000000008e1       0x34 c:/st/stm32cubeide_1.5.1/stm32cubeide/plugins/com.st.stm32cube.ide.mcu.externaltools.gnu-tools-for-stm32.9-2020-q2-update.win32_1.5.0.202011040924/tools/bin/../lib/gcc/arm-none-eabi/9.3.1/../../../../arm-none-eabi/lib/thumb/v7e-m+fp/hard\libm.a(lib_a-s_trunc.o)
 .ARM.attributes
                0x0000000000000915       0x1e c:/st/stm32cubeide_1.5.1/stm32cubeide/plugins/com.st.stm32cube.ide.mcu.externaltools.gnu-tools-for-stm32.9-2020-q2-update.win32_1.5.0.202011040924/tools/bin/../lib/gcc/arm-none-eabi/9.3.1/thumb/v7e-m+fp/hard\libgcc.a(_arm_addsubdf3.o)
 .ARM.attributes
                0x0000000000000933       0x1e c:/st/stm32cubeide_1.5.1/stm32cubeide/plugins/com.st.stm32cube.ide.mcu.externaltools.gnu-tools-for-stm32.9-2020-q2-update.win32_1.5.0.202011040924/tools/bin/../lib/gcc/arm-none-eabi/9.3.1/thumb/v7e-m+fp/hard\libgcc.a(_arm_fixdfsi.o)
 .ARM.attributes
                0x0000000000000951       0x1e c:/st/stm32cubeide_1.5.1/stm32cubeide/plugins/com.st.stm32cube.ide.mcu.externaltools.gnu-tools-for-stm32.9-2020-q2-update.win32_1.5.0.202011040924/tools/bin/../lib/gcc/arm-none-eabi/9.3.1/thumb/v7e-m+fp/hard\libgcc.a(_aeabi_uldivmod.o)
 .ARM.attributes
                0x000000000000096f       0x34 c:/st/stm32cubeide_1.5.1/stm32cubeide/plugins/com.st.stm32cube.ide.mcu.externaltools.gnu-tools-for-stm32.9-2020-q2-update.win32_1.5.0.202011040924/tools/bin/../lib/gcc/arm-none-eabi/9.3.1/thumb/v7e-m+fp/hard\libgcc.a(_udivmoddi4.o)
 .ARM.attributes
                0x00000000000009a3       0x1e c:/st/stm32cubeide_1.5.1/stm32cubeide/plugins/com.st.stm32cube.ide.mcu.externaltools.gnu-tools-for-stm32.9-2020-q2-update.win32_1.5.0.202011040924/tools/bin/../lib/gcc/arm-none-eabi/9.3.1/thumb/v7e-m+fp/hard\libgcc.a(_dvmd_tls.o)
 .ARM.attributes
                0x00000000000009c1       0x1e c:/st/stm32cubeide_1.5.1/stm32cubeide/plugins/com.st.stm32cube.ide.mcu.externaltools.gnu-tools-for-stm32.9-2020-q2-update.win32_1.5.0.202011040924/tools/bin/../lib/gcc/arm-none-eabi/9.3.1/thumb/v7e-m+fp/hard/crtn.o
OUTPUT(temp.elf elf32-littlearm)
LOAD linker stubs
LOAD c:/st/stm32cubeide_1.5.1/stm32cubeide/plugins/com.st.stm32cube.ide.mcu.externaltools.gnu-tools-for-stm32.9-2020-q2-update.win32_1.5.0.202011040924/tools/bin/../lib/gcc/arm-none-eabi/9.3.1/../../../../arm-none-eabi/lib/thumb/v7e-m+fp/hard\libc.a
LOAD c:/st/stm32cubeide_1.5.1/stm32cubeide/plugins/com.st.stm32cube.ide.mcu.externaltools.gnu-tools-for-stm32.9-2020-q2-update.win32_1.5.0.202011040924/tools/bin/../lib/gcc/arm-none-eabi/9.3.1/../../../../arm-none-eabi/lib/thumb/v7e-m+fp/hard\libm.a
LOAD c:/st/stm32cubeide_1.5.1/stm32cubeide/plugins/com.st.stm32cube.ide.mcu.externaltools.gnu-tools-for-stm32.9-2020-q2-update.win32_1.5.0.202011040924/tools/bin/../lib/gcc/arm-none-eabi/9.3.1/thumb/v7e-m+fp/hard\libgcc.a

.debug_info     0x0000000000000000    0x1b19a
 .debug_info    0x0000000000000000     0x2ddc Core/Src/main.o
 .debug_info    0x0000000000002ddc     0x1ee1 Core/Src/stm32l4xx_hal_msp.o
 .debug_info    0x0000000000004cbd      0x3af Core/Src/stm32l4xx_it.o
 .debug_info    0x000000000000506c      0xa25 Core/Src/sysmem.o
 .debug_info    0x0000000000005a91      0x794 Core/Src/system_stm32l4xx.o
 .debug_info    0x0000000000006225       0x22 Core/Startup/startup_stm32l475vgtx.o
 .debug_info    0x0000000000006247     0x1be4 Drivers/BSP/B-L475E-IOT01/stm32l475e_iot01.o
 .debug_info    0x0000000000007e2b      0x4ed Drivers/BSP/B-L475E-IOT01/stm32l475e_iot01_tsensor.o
 .debug_info    0x0000000000008318      0x4a2 Drivers/BSP/Components/hts221/hts221.o
 .debug_info    0x00000000000087ba      0xcb3 Drivers/STM32L4xx_HAL_Driver/Src/stm32l4xx_hal.o
 .debug_info    0x000000000000946d     0x1028 Drivers/STM32L4xx_HAL_Driver/Src/stm32l4xx_hal_cortex.o
 .debug_info    0x000000000000a495     0x1d4a Drivers/STM32L4xx_HAL_Driver/Src/stm32l4xx_hal_dfsdm.o
 .debug_info    0x000000000000c1df      0xa5f Drivers/STM32L4xx_HAL_Driver/Src/stm32l4xx_hal_gpio.o
 .debug_info    0x000000000000cc3e     0x22fd Drivers/STM32L4xx_HAL_Driver/Src/stm32l4xx_hal_i2c.o
 .debug_info    0x000000000000ef3b      0xc29 Drivers/STM32L4xx_HAL_Driver/Src/stm32l4xx_hal_i2c_ex.o
 .debug_info    0x000000000000fb64     0x13e2 Drivers/STM32L4xx_HAL_Driver/Src/stm32l4xx_hal_pcd.o
 .debug_info    0x0000000000010f46      0xa9f Drivers/STM32L4xx_HAL_Driver/Src/stm32l4xx_hal_pcd_ex.o
 .debug_info    0x00000000000119e5      0xb39 Drivers/STM32L4xx_HAL_Driver/Src/stm32l4xx_hal_pwr.o
 .debug_info    0x000000000001251e      0xbda Drivers/STM32L4xx_HAL_Driver/Src/stm32l4xx_hal_pwr_ex.o
 .debug_info    0x00000000000130f8     0x13ec Drivers/STM32L4xx_HAL_Driver/Src/stm32l4xx_hal_qspi.o
 .debug_info    0x00000000000144e4      0xe0b Drivers/STM32L4xx_HAL_Driver/Src/stm32l4xx_hal_rcc.o
 .debug_info    0x00000000000152ef     0x103f Drivers/STM32L4xx_HAL_Driver/Src/stm32l4xx_hal_rcc_ex.o
 .debug_info    0x000000000001632e     0x18e8 Drivers/STM32L4xx_HAL_Driver/Src/stm32l4xx_hal_spi.o
 .debug_info    0x0000000000017c16     0x19a3 Drivers/STM32L4xx_HAL_Driver/Src/stm32l4xx_hal_uart.o
 .debug_info    0x00000000000195b9     0x1be1 Drivers/STM32L4xx_HAL_Driver/Src/stm32l4xx_ll_usb.o

.debug_abbrev   0x0000000000000000     0x3357
 .debug_abbrev  0x0000000000000000      0x31c Core/Src/main.o
 .debug_abbrev  0x000000000000031c      0x235 Core/Src/stm32l4xx_hal_msp.o
 .debug_abbrev  0x0000000000000551       0xf2 Core/Src/stm32l4xx_it.o
 .debug_abbrev  0x0000000000000643      0x1bf Core/Src/sysmem.o
 .debug_abbrev  0x0000000000000802      0x16e Core/Src/system_stm32l4xx.o
 .debug_abbrev  0x0000000000000970       0x12 Core/Startup/startup_stm32l475vgtx.o
 .debug_abbrev  0x0000000000000982      0x2a3 Drivers/BSP/B-L475E-IOT01/stm32l475e_iot01.o
 .debug_abbrev  0x0000000000000c25      0x13c Drivers/BSP/B-L475E-IOT01/stm32l475e_iot01_tsensor.o
 .debug_abbrev  0x0000000000000d61      0x13b Drivers/BSP/Components/hts221/hts221.o
 .debug_abbrev  0x0000000000000e9c      0x227 Drivers/STM32L4xx_HAL_Driver/Src/stm32l4xx_hal.o
 .debug_abbrev  0x00000000000010c3      0x33c Drivers/STM32L4xx_HAL_Driver/Src/stm32l4xx_hal_cortex.o
 .debug_abbrev  0x00000000000013ff      0x267 Drivers/STM32L4xx_HAL_Driver/Src/stm32l4xx_hal_dfsdm.o
 .debug_abbrev  0x0000000000001666      0x1e8 Drivers/STM32L4xx_HAL_Driver/Src/stm32l4xx_hal_gpio.o
 .debug_abbrev  0x000000000000184e      0x256 Drivers/STM32L4xx_HAL_Driver/Src/stm32l4xx_hal_i2c.o
 .debug_abbrev  0x0000000000001aa4      0x1dd Drivers/STM32L4xx_HAL_Driver/Src/stm32l4xx_hal_i2c_ex.o
 .debug_abbrev  0x0000000000001c81      0x2a0 Drivers/STM32L4xx_HAL_Driver/Src/stm32l4xx_hal_pcd.o
 .debug_abbrev  0x0000000000001f21      0x246 Drivers/STM32L4xx_HAL_Driver/Src/stm32l4xx_hal_pcd_ex.o
 .debug_abbrev  0x0000000000002167      0x1ab Drivers/STM32L4xx_HAL_Driver/Src/stm32l4xx_hal_pwr.o
 .debug_abbrev  0x0000000000002312      0x1f3 Drivers/STM32L4xx_HAL_Driver/Src/stm32l4xx_hal_pwr_ex.o
 .debug_abbrev  0x0000000000002505      0x24b Drivers/STM32L4xx_HAL_Driver/Src/stm32l4xx_hal_qspi.o
 .debug_abbrev  0x0000000000002750      0x275 Drivers/STM32L4xx_HAL_Driver/Src/stm32l4xx_hal_rcc.o
 .debug_abbrev  0x00000000000029c5      0x268 Drivers/STM32L4xx_HAL_Driver/Src/stm32l4xx_hal_rcc_ex.o
 .debug_abbrev  0x0000000000002c2d      0x254 Drivers/STM32L4xx_HAL_Driver/Src/stm32l4xx_hal_spi.o
 .debug_abbrev  0x0000000000002e81      0x22f Drivers/STM32L4xx_HAL_Driver/Src/stm32l4xx_hal_uart.o
 .debug_abbrev  0x00000000000030b0      0x2a7 Drivers/STM32L4xx_HAL_Driver/Src/stm32l4xx_ll_usb.o

.debug_aranges  0x0000000000000000     0x16c8
 .debug_aranges
                0x0000000000000000       0x70 Core/Src/main.o
 .debug_aranges
                0x0000000000000070       0x80 Core/Src/stm32l4xx_hal_msp.o
 .debug_aranges
                0x00000000000000f0       0x70 Core/Src/stm32l4xx_it.o
 .debug_aranges
                0x0000000000000160       0x20 Core/Src/sysmem.o
 .debug_aranges
                0x0000000000000180       0x28 Core/Src/system_stm32l4xx.o
 .debug_aranges
                0x00000000000001a8       0x28 Core/Startup/startup_stm32l475vgtx.o
 .debug_aranges
                0x00000000000001d0      0x130 Drivers/BSP/B-L475E-IOT01/stm32l475e_iot01.o
 .debug_aranges
                0x0000000000000300       0x28 Drivers/BSP/B-L475E-IOT01/stm32l475e_iot01_tsensor.o
 .debug_aranges
                0x0000000000000328       0x40 Drivers/BSP/Components/hts221/hts221.o
 .debug_aranges
                0x0000000000000368      0x130 Drivers/STM32L4xx_HAL_Driver/Src/stm32l4xx_hal.o
 .debug_aranges
                0x0000000000000498      0x118 Drivers/STM32L4xx_HAL_Driver/Src/stm32l4xx_hal_cortex.o
 .debug_aranges
                0x00000000000005b0      0x248 Drivers/STM32L4xx_HAL_Driver/Src/stm32l4xx_hal_dfsdm.o
 .debug_aranges
                0x00000000000007f8       0x58 Drivers/STM32L4xx_HAL_Driver/Src/stm32l4xx_hal_gpio.o
 .debug_aranges
                0x0000000000000850      0x290 Drivers/STM32L4xx_HAL_Driver/Src/stm32l4xx_hal_i2c.o
 .debug_aranges
                0x0000000000000ae0       0x48 Drivers/STM32L4xx_HAL_Driver/Src/stm32l4xx_hal_i2c_ex.o
 .debug_aranges
                0x0000000000000b28      0x130 Drivers/STM32L4xx_HAL_Driver/Src/stm32l4xx_hal_pcd.o
 .debug_aranges
                0x0000000000000c58       0x60 Drivers/STM32L4xx_HAL_Driver/Src/stm32l4xx_hal_pcd_ex.o
 .debug_aranges
                0x0000000000000cb8       0x98 Drivers/STM32L4xx_HAL_Driver/Src/stm32l4xx_hal_pwr.o
 .debug_aranges
                0x0000000000000d50      0x150 Drivers/STM32L4xx_HAL_Driver/Src/stm32l4xx_hal_pwr_ex.o
 .debug_aranges
                0x0000000000000ea0      0x160 Drivers/STM32L4xx_HAL_Driver/Src/stm32l4xx_hal_qspi.o
 .debug_aranges
                0x0000000000001000       0x88 Drivers/STM32L4xx_HAL_Driver/Src/stm32l4xx_hal_rcc.o
 .debug_aranges
                0x0000000000001088       0xc0 Drivers/STM32L4xx_HAL_Driver/Src/stm32l4xx_hal_rcc_ex.o
 .debug_aranges
                0x0000000000001148      0x1d8 Drivers/STM32L4xx_HAL_Driver/Src/stm32l4xx_hal_spi.o
 .debug_aranges
                0x0000000000001320      0x210 Drivers/STM32L4xx_HAL_Driver/Src/stm32l4xx_hal_uart.o
 .debug_aranges
                0x0000000000001530      0x198 Drivers/STM32L4xx_HAL_Driver/Src/stm32l4xx_ll_usb.o

.debug_ranges   0x0000000000000000     0x1540
 .debug_ranges  0x0000000000000000       0x60 Core/Src/main.o
 .debug_ranges  0x0000000000000060       0x70 Core/Src/stm32l4xx_hal_msp.o
 .debug_ranges  0x00000000000000d0       0x60 Core/Src/stm32l4xx_it.o
 .debug_ranges  0x0000000000000130       0x10 Core/Src/sysmem.o
 .debug_ranges  0x0000000000000140       0x18 Core/Src/system_stm32l4xx.o
 .debug_ranges  0x0000000000000158       0x20 Core/Startup/startup_stm32l475vgtx.o
 .debug_ranges  0x0000000000000178      0x120 Drivers/BSP/B-L475E-IOT01/stm32l475e_iot01.o
 .debug_ranges  0x0000000000000298       0x18 Drivers/BSP/B-L475E-IOT01/stm32l475e_iot01_tsensor.o
 .debug_ranges  0x00000000000002b0       0x30 Drivers/BSP/Components/hts221/hts221.o
 .debug_ranges  0x00000000000002e0      0x120 Drivers/STM32L4xx_HAL_Driver/Src/stm32l4xx_hal.o
 .debug_ranges  0x0000000000000400      0x108 Drivers/STM32L4xx_HAL_Driver/Src/stm32l4xx_hal_cortex.o
 .debug_ranges  0x0000000000000508      0x238 Drivers/STM32L4xx_HAL_Driver/Src/stm32l4xx_hal_dfsdm.o
 .debug_ranges  0x0000000000000740       0x48 Drivers/STM32L4xx_HAL_Driver/Src/stm32l4xx_hal_gpio.o
 .debug_ranges  0x0000000000000788      0x280 Drivers/STM32L4xx_HAL_Driver/Src/stm32l4xx_hal_i2c.o
 .debug_ranges  0x0000000000000a08       0x38 Drivers/STM32L4xx_HAL_Driver/Src/stm32l4xx_hal_i2c_ex.o
 .debug_ranges  0x0000000000000a40      0x120 Drivers/STM32L4xx_HAL_Driver/Src/stm32l4xx_hal_pcd.o
 .debug_ranges  0x0000000000000b60       0x50 Drivers/STM32L4xx_HAL_Driver/Src/stm32l4xx_hal_pcd_ex.o
 .debug_ranges  0x0000000000000bb0       0x88 Drivers/STM32L4xx_HAL_Driver/Src/stm32l4xx_hal_pwr.o
 .debug_ranges  0x0000000000000c38      0x140 Drivers/STM32L4xx_HAL_Driver/Src/stm32l4xx_hal_pwr_ex.o
 .debug_ranges  0x0000000000000d78      0x150 Drivers/STM32L4xx_HAL_Driver/Src/stm32l4xx_hal_qspi.o
 .debug_ranges  0x0000000000000ec8       0x78 Drivers/STM32L4xx_HAL_Driver/Src/stm32l4xx_hal_rcc.o
 .debug_ranges  0x0000000000000f40       0xb0 Drivers/STM32L4xx_HAL_Driver/Src/stm32l4xx_hal_rcc_ex.o
 .debug_ranges  0x0000000000000ff0      0x1c8 Drivers/STM32L4xx_HAL_Driver/Src/stm32l4xx_hal_spi.o
 .debug_ranges  0x00000000000011b8      0x200 Drivers/STM32L4xx_HAL_Driver/Src/stm32l4xx_hal_uart.o
 .debug_ranges  0x00000000000013b8      0x188 Drivers/STM32L4xx_HAL_Driver/Src/stm32l4xx_ll_usb.o

.debug_macro    0x0000000000000000    0x2881d
 .debug_macro   0x0000000000000000      0x346 Core/Src/main.o
 .debug_macro   0x0000000000000346      0xaa8 Core/Src/main.o
 .debug_macro   0x0000000000000dee      0x1bf Core/Src/main.o
 .debug_macro   0x0000000000000fad       0x2e Core/Src/main.o
 .debug_macro   0x0000000000000fdb       0x28 Core/Src/main.o
 .debug_macro   0x0000000000001003       0x22 Core/Src/main.o
 .debug_macro   0x0000000000001025       0x8e Core/Src/main.o
 .debug_macro   0x00000000000010b3       0x51 Core/Src/main.o
 .debug_macro   0x0000000000001104      0x103 Core/Src/main.o
 .debug_macro   0x0000000000001207       0x6a Core/Src/main.o
 .debug_macro   0x0000000000001271      0x1df Core/Src/main.o
 .debug_macro   0x0000000000001450       0x1c Core/Src/main.o
 .debug_macro   0x000000000000146c       0x22 Core/Src/main.o
 .debug_macro   0x000000000000148e      0x101 Core/Src/main.o
 .debug_macro   0x000000000000158f     0x1011 Core/Src/main.o
 .debug_macro   0x00000000000025a0      0x11f Core/Src/main.o
 .debug_macro   0x00000000000026bf    0x19db6 Core/Src/main.o
 .debug_macro   0x000000000001c475       0x43 Core/Src/main.o
 .debug_macro   0x000000000001c4b8     0x3890 Core/Src/main.o
 .debug_macro   0x000000000001fd48      0x174 Core/Src/main.o
 .debug_macro   0x000000000001febc       0x5c Core/Src/main.o
 .debug_macro   0x000000000001ff18     0x1519 Core/Src/main.o
 .debug_macro   0x0000000000021431      0x59e Core/Src/main.o
 .debug_macro   0x00000000000219cf      0x13d Core/Src/main.o
 .debug_macro   0x0000000000021b0c      0x17d Core/Src/main.o
 .debug_macro   0x0000000000021c89      0x26b Core/Src/main.o
 .debug_macro   0x0000000000021ef4      0x29c Core/Src/main.o
 .debug_macro   0x0000000000022190      0x23d Core/Src/main.o
 .debug_macro   0x00000000000223cd      0x241 Core/Src/main.o
 .debug_macro   0x000000000002260e      0x37c Core/Src/main.o
 .debug_macro   0x000000000002298a       0xd6 Core/Src/main.o
 .debug_macro   0x0000000000022a60      0x22c Core/Src/main.o
 .debug_macro   0x0000000000022c8c       0x61 Core/Src/main.o
 .debug_macro   0x0000000000022ced       0xa5 Core/Src/main.o
 .debug_macro   0x0000000000022d92      0x1ed Core/Src/main.o
 .debug_macro   0x0000000000022f7f       0x97 Core/Src/main.o
 .debug_macro   0x0000000000023016      0x122 Core/Src/main.o
 .debug_macro   0x0000000000023138      0x3e9 Core/Src/main.o
 .debug_macro   0x0000000000023521      0x2a3 Core/Src/main.o
 .debug_macro   0x00000000000237c4      0x2fe Core/Src/main.o
 .debug_macro   0x0000000000023ac2      0x59e Core/Src/main.o
 .debug_macro   0x0000000000024060       0x44 Core/Src/main.o
 .debug_macro   0x00000000000240a4      0x331 Core/Src/main.o
 .debug_macro   0x00000000000243d5      0x444 Core/Src/main.o
 .debug_macro   0x0000000000024819      0x1c0 Core/Src/main.o
 .debug_macro   0x00000000000249d9      0x15f Core/Src/main.o
 .debug_macro   0x0000000000024b38       0x52 Core/Src/main.o
 .debug_macro   0x0000000000024b8a       0x18 Core/Src/main.o
 .debug_macro   0x0000000000024ba2       0x3c Core/Src/main.o
 .debug_macro   0x0000000000024bde       0x34 Core/Src/main.o
 .debug_macro   0x0000000000024c12       0x16 Core/Src/main.o
 .debug_macro   0x0000000000024c28       0x43 Core/Src/main.o
 .debug_macro   0x0000000000024c6b       0x34 Core/Src/main.o
 .debug_macro   0x0000000000024c9f       0x10 Core/Src/main.o
 .debug_macro   0x0000000000024caf       0x58 Core/Src/main.o
 .debug_macro   0x0000000000024d07       0x71 Core/Src/main.o
 .debug_macro   0x0000000000024d78       0x1c Core/Src/main.o
 .debug_macro   0x0000000000024d94      0x12a Core/Src/main.o
 .debug_macro   0x0000000000024ebe      0x333 Core/Src/main.o
 .debug_macro   0x00000000000251f1      0x1a9 Core/Src/main.o
 .debug_macro   0x000000000002539a       0x16 Core/Src/main.o
 .debug_macro   0x00000000000253b0       0x35 Core/Src/main.o
 .debug_macro   0x00000000000253e5       0x20 Core/Src/main.o
 .debug_macro   0x0000000000025405      0x221 Core/Src/stm32l4xx_hal_msp.o
 .debug_macro   0x0000000000025626      0x22b Core/Src/stm32l4xx_it.o
 .debug_macro   0x0000000000025851       0xff Core/Src/sysmem.o
 .debug_macro   0x0000000000025950      0x23b Core/Src/sysmem.o
 .debug_macro   0x0000000000025b8b      0x218 Core/Src/system_stm32l4xx.o
 .debug_macro   0x0000000000025da3      0x23f Drivers/BSP/B-L475E-IOT01/stm32l475e_iot01.o
 .debug_macro   0x0000000000025fe2      0x1ba Drivers/BSP/B-L475E-IOT01/stm32l475e_iot01.o
 .debug_macro   0x000000000002619c      0x24e Drivers/BSP/B-L475E-IOT01/stm32l475e_iot01_tsensor.o
 .debug_macro   0x00000000000263ea       0x86 Drivers/BSP/Components/hts221/hts221.o
 .debug_macro   0x0000000000026470      0x260 Drivers/STM32L4xx_HAL_Driver/Src/stm32l4xx_hal.o
 .debug_macro   0x00000000000266d0      0x212 Drivers/STM32L4xx_HAL_Driver/Src/stm32l4xx_hal_cortex.o
 .debug_macro   0x00000000000268e2      0x236 Drivers/STM32L4xx_HAL_Driver/Src/stm32l4xx_hal_dfsdm.o
 .debug_macro   0x0000000000026b18      0x251 Drivers/STM32L4xx_HAL_Driver/Src/stm32l4xx_hal_gpio.o
 .debug_macro   0x0000000000026d69      0x2d7 Drivers/STM32L4xx_HAL_Driver/Src/stm32l4xx_hal_i2c.o
 .debug_macro   0x0000000000027040      0x212 Drivers/STM32L4xx_HAL_Driver/Src/stm32l4xx_hal_i2c_ex.o
 .debug_macro   0x0000000000027252      0x21e Drivers/STM32L4xx_HAL_Driver/Src/stm32l4xx_hal_pcd.o
 .debug_macro   0x0000000000027470      0x212 Drivers/STM32L4xx_HAL_Driver/Src/stm32l4xx_hal_pcd_ex.o
 .debug_macro   0x0000000000027682      0x22a Drivers/STM32L4xx_HAL_Driver/Src/stm32l4xx_hal_pwr.o
 .debug_macro   0x00000000000278ac      0x236 Drivers/STM32L4xx_HAL_Driver/Src/stm32l4xx_hal_pwr_ex.o
 .debug_macro   0x0000000000027ae2      0x236 Drivers/STM32L4xx_HAL_Driver/Src/stm32l4xx_hal_qspi.o
 .debug_macro   0x0000000000027d18      0x254 Drivers/STM32L4xx_HAL_Driver/Src/stm32l4xx_hal_rcc.o
 .debug_macro   0x0000000000027f6c      0x248 Drivers/STM32L4xx_HAL_Driver/Src/stm32l4xx_hal_rcc_ex.o
 .debug_macro   0x00000000000281b4      0x21a Drivers/STM32L4xx_HAL_Driver/Src/stm32l4xx_hal_spi.o
 .debug_macro   0x00000000000283ce      0x23d Drivers/STM32L4xx_HAL_Driver/Src/stm32l4xx_hal_uart.o
 .debug_macro   0x000000000002860b      0x212 Drivers/STM32L4xx_HAL_Driver/Src/stm32l4xx_ll_usb.o

.debug_line     0x0000000000000000    0x186aa
 .debug_line    0x0000000000000000      0xe2a Core/Src/main.o
 .debug_line    0x0000000000000e2a      0x9ac Core/Src/stm32l4xx_hal_msp.o
 .debug_line    0x00000000000017d6      0x86a Core/Src/stm32l4xx_it.o
 .debug_line    0x0000000000002040      0x4f8 Core/Src/sysmem.o
 .debug_line    0x0000000000002538      0x839 Core/Src/system_stm32l4xx.o
 .debug_line    0x0000000000002d71       0x87 Core/Startup/startup_stm32l475vgtx.o
 .debug_line    0x0000000000002df8      0xc4a Drivers/BSP/B-L475E-IOT01/stm32l475e_iot01.o
 .debug_line    0x0000000000003a42      0x872 Drivers/BSP/B-L475E-IOT01/stm32l475e_iot01_tsensor.o
 .debug_line    0x00000000000042b4      0x55a Drivers/BSP/Components/hts221/hts221.o
 .debug_line    0x000000000000480e      0xb60 Drivers/STM32L4xx_HAL_Driver/Src/stm32l4xx_hal.o
 .debug_line    0x000000000000536e      0xd07 Drivers/STM32L4xx_HAL_Driver/Src/stm32l4xx_hal_cortex.o
 .debug_line    0x0000000000006075     0x1ed8 Drivers/STM32L4xx_HAL_Driver/Src/stm32l4xx_hal_dfsdm.o
 .debug_line    0x0000000000007f4d      0xbda Drivers/STM32L4xx_HAL_Driver/Src/stm32l4xx_hal_gpio.o
 .debug_line    0x0000000000008b27     0x3331 Drivers/STM32L4xx_HAL_Driver/Src/stm32l4xx_hal_i2c.o
 .debug_line    0x000000000000be58      0x98e Drivers/STM32L4xx_HAL_Driver/Src/stm32l4xx_hal_i2c_ex.o
 .debug_line    0x000000000000c7e6     0x1258 Drivers/STM32L4xx_HAL_Driver/Src/stm32l4xx_hal_pcd.o
 .debug_line    0x000000000000da3e      0x94c Drivers/STM32L4xx_HAL_Driver/Src/stm32l4xx_hal_pcd_ex.o
 .debug_line    0x000000000000e38a      0x93d Drivers/STM32L4xx_HAL_Driver/Src/stm32l4xx_hal_pwr.o
 .debug_line    0x000000000000ecc7      0xd1c Drivers/STM32L4xx_HAL_Driver/Src/stm32l4xx_hal_pwr_ex.o
 .debug_line    0x000000000000f9e3     0x1451 Drivers/STM32L4xx_HAL_Driver/Src/stm32l4xx_hal_qspi.o
 .debug_line    0x0000000000010e34      0xfa4 Drivers/STM32L4xx_HAL_Driver/Src/stm32l4xx_hal_rcc.o
 .debug_line    0x0000000000011dd8     0x1519 Drivers/STM32L4xx_HAL_Driver/Src/stm32l4xx_hal_rcc_ex.o
 .debug_line    0x00000000000132f1     0x1f83 Drivers/STM32L4xx_HAL_Driver/Src/stm32l4xx_hal_spi.o
 .debug_line    0x0000000000015274     0x1c8d Drivers/STM32L4xx_HAL_Driver/Src/stm32l4xx_hal_uart.o
 .debug_line    0x0000000000016f01     0x17a9 Drivers/STM32L4xx_HAL_Driver/Src/stm32l4xx_ll_usb.o

.debug_str      0x0000000000000000    0xf49e8
 .debug_str     0x0000000000000000    0xee5bb Core/Src/main.o
                                      0xeec06 (size before relaxing)
 .debug_str     0x00000000000ee5bb      0x132 Core/Src/stm32l4xx_hal_msp.o
                                      0xe9453 (size before relaxing)
 .debug_str     0x00000000000ee6ed       0xe5 Core/Src/stm32l4xx_it.o
                                      0xe8320 (size before relaxing)
 .debug_str     0x00000000000ee7d2      0x4e9 Core/Src/sysmem.o
                                       0x62a0 (size before relaxing)
 .debug_str     0x00000000000eecbb       0xcd Core/Src/system_stm32l4xx.o
                                      0xe70bb (size before relaxing)
 .debug_str     0x00000000000eed88       0x36 Core/Startup/startup_stm32l475vgtx.o
                                         0x71 (size before relaxing)
 .debug_str     0x00000000000eedbe      0x574 Drivers/BSP/B-L475E-IOT01/stm32l475e_iot01.o
                                      0xe8e48 (size before relaxing)
 .debug_str     0x00000000000ef332       0x83 Drivers/BSP/B-L475E-IOT01/stm32l475e_iot01_tsensor.o
                                      0xe83a0 (size before relaxing)
 .debug_str     0x00000000000ef3b5      0x10e Drivers/BSP/Components/hts221/hts221.o
                                       0x458c (size before relaxing)
 .debug_str     0x00000000000ef4c3      0x598 Drivers/STM32L4xx_HAL_Driver/Src/stm32l4xx_hal.o
                                      0xe7b96 (size before relaxing)
 .debug_str     0x00000000000efa5b      0x37f Drivers/STM32L4xx_HAL_Driver/Src/stm32l4xx_hal_cortex.o
                                      0xe7906 (size before relaxing)
 .debug_str     0x00000000000efdda      0xc1e Drivers/STM32L4xx_HAL_Driver/Src/stm32l4xx_hal_dfsdm.o
                                      0xe7f84 (size before relaxing)
 .debug_str     0x00000000000f09f8      0x228 Drivers/STM32L4xx_HAL_Driver/Src/stm32l4xx_hal_gpio.o
                                      0xe733a (size before relaxing)
 .debug_str     0x00000000000f0c20      0xd28 Drivers/STM32L4xx_HAL_Driver/Src/stm32l4xx_hal_i2c.o
                                      0xe81cc (size before relaxing)
 .debug_str     0x00000000000f1948       0xb8 Drivers/STM32L4xx_HAL_Driver/Src/stm32l4xx_hal_i2c_ex.o
                                      0xe75c4 (size before relaxing)
 .debug_str     0x00000000000f1a00      0x531 Drivers/STM32L4xx_HAL_Driver/Src/stm32l4xx_hal_pcd.o
                                      0xe781f (size before relaxing)
 .debug_str     0x00000000000f1f31      0x1b4 Drivers/STM32L4xx_HAL_Driver/Src/stm32l4xx_hal_pcd_ex.o
                                      0xe7497 (size before relaxing)
 .debug_str     0x00000000000f20e5      0x2f1 Drivers/STM32L4xx_HAL_Driver/Src/stm32l4xx_hal_pwr.o
                                      0xe73d2 (size before relaxing)
 .debug_str     0x00000000000f23d6      0x439 Drivers/STM32L4xx_HAL_Driver/Src/stm32l4xx_hal_pwr_ex.o
                                      0xe75d6 (size before relaxing)
 .debug_str     0x00000000000f280f      0x6b3 Drivers/STM32L4xx_HAL_Driver/Src/stm32l4xx_hal_qspi.o
                                      0xe799a (size before relaxing)
 .debug_str     0x00000000000f2ec2      0x3aa Drivers/STM32L4xx_HAL_Driver/Src/stm32l4xx_hal_rcc.o
                                      0xe767d (size before relaxing)
 .debug_str     0x00000000000f326c      0x3a6 Drivers/STM32L4xx_HAL_Driver/Src/stm32l4xx_hal_rcc_ex.o
                                      0xe780e (size before relaxing)
 .debug_str     0x00000000000f3612      0x53d Drivers/STM32L4xx_HAL_Driver/Src/stm32l4xx_hal_spi.o
                                      0xe7867 (size before relaxing)
 .debug_str     0x00000000000f3b4f      0x823 Drivers/STM32L4xx_HAL_Driver/Src/stm32l4xx_hal_uart.o
                                      0xe7c72 (size before relaxing)
 .debug_str     0x00000000000f4372      0x676 Drivers/STM32L4xx_HAL_Driver/Src/stm32l4xx_ll_usb.o
                                      0xe7986 (size before relaxing)

.comment        0x0000000000000000       0x53
 .comment       0x0000000000000000       0x53 Core/Src/main.o
                                         0x54 (size before relaxing)
 .comment       0x0000000000000053       0x54 Core/Src/stm32l4xx_hal_msp.o
 .comment       0x0000000000000053       0x54 Core/Src/stm32l4xx_it.o
 .comment       0x0000000000000053       0x54 Core/Src/sysmem.o
 .comment       0x0000000000000053       0x54 Core/Src/system_stm32l4xx.o
 .comment       0x0000000000000053       0x54 Drivers/BSP/B-L475E-IOT01/stm32l475e_iot01.o