main.c:76:13:MEMS_Init	48	static
main.c:111:6:HAL_GPIO_EXTI_Callback	16	static
main.c:118:5:_write	24	static
main.c:129:5:main	24	static
main.c:190:6:SystemClock_Config	232	static
main.c:267:13:MX_DFSDM1_Init	8	static
main.c:305:13:MX_QUADSPI_Init	8	static
main.c:338:13:MX_SPI3_Init	8	static
main.c:378:13:MX_USART1_UART_Init	8	static
main.c:413:13:MX_USART3_UART_Init	8	static
main.c:448:13:MX_USB_OTG_FS_PCD_Init	8	static
main.c:483:13:MX_GPIO_Init	48	static
main.c:673:6:Error_Handler	8	static,ignoring_inline_asm
