wifi.c:32:15:WIFI_Init	16	static
wifi.c:57:15:WIFI_ListAccessPoints	496	static
wifi.c:93:15:WIFI_Connect	8	static
wifi.c:114:15:WIFI_GetMAC_Address	8	static
wifi.c:129:15:WIFI_GetIP_Address	16	static
wifi.c:146:15:WIFI_Disconnect	8	static
wifi.c:167:15:WIFI_ConfigureAP	88	static
wifi.c:190:15:WIFI_HandleAPEvents	16	static
wifi.c:227:15:WIFI_Ping	16	static
wifi.c:244:15:WIFI_GetHostAddress	8	static
wifi.c:264:15:WIFI_OpenClientConnection	32	static
wifi.c:288:15:WIFI_CloseClientConnection	32	static
wifi.c:308:15:WIFI_StartServer	32	static
wifi.c:328:15:WIFI_WaitServerConnection	40	static
wifi.c:364:15:WIFI_CloseServerConnection	8	static
wifi.c:379:15:WIFI_StopServer	8	static
wifi.c:398:15:WIFI_SendData	16	static
wifi.c:420:15:WIFI_SendDataTo	24	static
wifi.c:440:15:WIFI_ReceiveData	16	static
wifi.c:461:15:WIFI_ReceiveDataFrom	24	static
wifi.c:478:15:WIFI_SetOEMProperties	8	static
wifi.c:496:15:WIFI_ResetModule	8	static
wifi.c:511:15:WIFI_SetModuleDefault	8	static
wifi.c:528:15:WIFI_ModuleFirmwareUpdate	0	static
wifi.c:538:15:WIFI_GetModuleFwRevision	8	static
wifi.c:555:15:WIFI_GetModuleID	8	static
wifi.c:572:15:WIFI_GetModuleName	8	static
